http_interactions:
- request:
    method: get
    uri: https://eutils.ncbi.nlm.nih.gov/entrez/eutils/efetch.fcgi?db=taxonomy&ID=28901&api_key=<<entrez_api_token>>
    body:
      encoding: ''
      string: ''
    headers:
      User-Agent: libcurl/7.54.0 r-curl/4.3 crul/0.9.0
      Accept-Encoding: gzip, deflate
      Accept: application/json, text/xml, application/xml, */*
  response:
    status:
      status_code: '200'
      message: OK
      explanation: Request fulfilled, document follows
    headers:
      status: HTTP/1.1 200 OK
      date: Fri, 06 Mar 2020 01:27:09 GMT
      server: Finatra
      strict-transport-security: max-age=31536000; includeSubDomains; preload
      content-security-policy: upgrade-insecure-requests
      x-ratelimit-remaining: '9'
      ncbi-phid: 939B359643F5AE9500005F471C9174ED.1.1.m_3
      cache-control: private
      ncbi-sid: C0DC4FE8323ACED5_C0F5SID
      content-encoding: gzip
      x-ratelimit-limit: '10'
      access-control-allow-origin: '*'
      content-type: text/xml; charset=UTF-8
      set-cookie: ncbi_sid=C0DC4FE8323ACED5_C0F5SID; domain=.nih.gov; path=/; expires=Sat,
        06 Mar 2021 01:27:09 GMT
      x-ua-compatible: IE=Edge
      x-xss-protection: 1; mode=block
      transfer-encoding: chunked
    body:
      encoding: UTF-8
      file: no
      string: |-
        <?xml version="1.0" ?>
        <!DOCTYPE TaxaSet PUBLIC "-//NLM//DTD Taxon, 14th January 2002//EN" "https://www.ncbi.nlm.nih.gov/entrez/query/DTD/taxon.dtd">
        <TaxaSet><Taxon>
            <TaxId>28901</TaxId>
            <ScientificName>Salmonella enterica</ScientificName>
            <OtherNames>
                <Synonym>Bacillus cholerae-suis</Synonym>
                <Synonym>Salmonella cholerae-suis</Synonym>
                <Synonym>Salmonella choleraesuis</Synonym>
                <Synonym>Salmonella enterica ser. choleraesuis</Synonym>
                <Includes>Salmonella sp. AMC 200</Includes>
                <Includes>Salmonella sp. AMC 238</Includes>
                <Includes>Salmonella sp. AMC 239</Includes>
                <Includes>Salmonella sp. AMC 240</Includes>
                <Includes>Salmonella sp. AMC 253</Includes>
                <Includes>Salmonella sp. AMC 257</Includes>
                <Includes>Salmonella sp. AMC 265</Includes>
                <Includes>Salmonella sp. AMC 266</Includes>
                <Includes>Salmonella sp. AMC 267</Includes>
                <Includes>Salmonella sp. AMC 268</Includes>
                <Includes>Salmonella sp. AMC 270</Includes>
                <Includes>Salmonella sp. AMC 28</Includes>
                <Includes>Salmonella sp. AMC 289</Includes>
                <Includes>Salmonella sp. AMC 291</Includes>
                <Includes>Salmonella sp. AMC 294</Includes>
                <Includes>Salmonella sp. AMC 299</Includes>
                <Includes>Salmonella sp. AMC 301</Includes>
                <Includes>Salmonella sp. AMC 327</Includes>
                <Includes>Salmonella sp. AMC 90</Includes>
                <Includes>Salmonella sp. FDA00013420</Includes>
                <Includes>Salmonella sp. FDA00013433</Includes>
                <Includes>Salmonella sp. FDA00013434</Includes>
                <Includes>Salmonella sp. FDA00013435</Includes>
                <Includes>Salmonella sp. FDA00013436</Includes>
                <Includes>Salmonella sp. FDA00013437</Includes>
                <Includes>Salmonella sp. FDA00013438</Includes>
                <Includes>Salmonella sp. FDA00013439</Includes>
                <Includes>Salmonella sp. FDA00013440</Includes>
                <Includes>Salmonella sp. FDA00013468</Includes>
                <Includes>Salmonella sp. FDA00013469</Includes>
                <Includes>Salmonella sp. FDA00013470</Includes>
                <Includes>Salmonella sp. FDA00013495</Includes>
                <Includes>Salmonella sp. FDA00013496</Includes>
                <Includes>Salmonella sp. FDA00013499</Includes>
                <Includes>Salmonella sp. FDA00013500</Includes>
                <Includes>Salmonella sp. FDA00013513</Includes>
                <Includes>Salmonella sp. FDA00013514</Includes>
                <Includes>Salmonella sp. FDA00013515</Includes>
                <Includes>Salmonella sp. FDA00013516</Includes>
                <Includes>Salmonella sp. FDA00013517</Includes>
                <Includes>Salmonella sp. FDA00013518</Includes>
                <Includes>Salmonella sp. FDA00013519</Includes>
                <Includes>Salmonella sp. FDA00013520</Includes>
                <Includes>Salmonella sp. FDA00013521</Includes>
                <Includes>Salmonella sp. FDA00013522</Includes>
                <Includes>Salmonella sp. FDA00013523</Includes>
                <Includes>Salmonella sp. FDA00013524</Includes>
                <Includes>Salmonella sp. FDA00013525</Includes>
                <Includes>Salmonella sp. FDA00013526</Includes>
                <Includes>Salmonella sp. FDA00013597</Includes>
                <Includes>Salmonella sp. HC-257</Includes>
                <Includes>Salmonella sp. IA1-174</Includes>
                <Includes>Salmonella sp. MH3-A1</Includes>
                <Includes>Salmonella sp. MH3-A2</Includes>
                <Includes>Salmonella sp. MH3-A3</Includes>
                <Includes>Salmonella sp. MH3-C</Includes>
                <Includes>Salmonella sp. MH3-D1</Includes>
                <Includes>Salmonella sp. MH3-D2</Includes>
                <Includes>Salmonella sp. MH3-D3</Includes>
                <Includes>Salmonella sp. MH3-D4</Includes>
                <Includes>Salmonella sp. MH3-Z1</Includes>
                <Includes>Salmonella sp. MH3-Z2</Includes>
                <Includes>Salmonella sp. MH4-A2</Includes>
                <Includes>Salmonella sp. MH4-A3</Includes>
                <Includes>Salmonella sp. MH4-A4</Includes>
                <Includes>Salmonella sp. MH4-Z2</Includes>
                <Includes>Salmonella sp. NYVetLIRN-85</Includes>
                <Includes>Salmonella sp. NYVetLIRN-86</Includes>
                <Includes>Salmonella sp. NYVetLIRN-87</Includes>
                <Includes>Salmonella sp. NYVetLIRN-88</Includes>
                <Includes>Salmonella sp. OH-18-15149</Includes>
                <Includes>Salmonella sp. OH-18-15334</Includes>
                <Includes>Salmonella sp. OH-18-15363</Includes>
                <Includes>Salmonella sp. OH-18-16886</Includes>
                <Includes>Salmonella sp. OH-18-16934</Includes>
                <Includes>Salmonella sp. OH-18-18132-1</Includes>
                <Includes>Salmonella sp. OH-18-18132-10</Includes>
                <Includes>Salmonella sp. OH-18-18132-11</Includes>
                <Includes>Salmonella sp. OH-18-18132-12</Includes>
                <Includes>Salmonella sp. OH-18-18132-13</Includes>
                <Includes>Salmonella sp. OH-18-18132-14</Includes>
                <Includes>Salmonella sp. OH-18-18132-15</Includes>
                <Includes>Salmonella sp. OH-18-18132-2</Includes>
                <Includes>Salmonella sp. OH-18-18132-3</Includes>
                <Includes>Salmonella sp. OH-18-18132-4</Includes>
                <Includes>Salmonella sp. OH-18-18132-5</Includes>
                <Includes>Salmonella sp. OH-18-18132-6</Includes>
                <Includes>Salmonella sp. OH-18-18132-7</Includes>
                <Includes>Salmonella sp. OH-18-18132-8</Includes>
                <Includes>Salmonella sp. OH-18-18132-9</Includes>
                <Includes>Salmonella sp. OH-18-18281-1</Includes>
                <Includes>Salmonella sp. OH-18-18281-2</Includes>
                <Includes>Salmonella sp. OH-18-18411</Includes>
                <Includes>Salmonella sp. OH-18-18446</Includes>
                <Includes>Salmonella sp. OH-18-18447</Includes>
                <Includes>Salmonella sp. OH-18-18941</Includes>
                <Includes>Salmonella sp. OH-18-19201</Includes>
                <Includes>Salmonella sp. OH-18-19951-1</Includes>
                <Includes>Salmonella sp. OH-18-20073-2T</Includes>
                <Includes>Salmonella sp. OH-18-20117-1</Includes>
                <Includes>Salmonella sp. OH-18-20132-7</Includes>
                <Includes>Salmonella sp. OH-18-20225-1-S</Includes>
                <Includes>Salmonella sp. OH-18-20225-2-S</Includes>
                <Includes>Salmonella sp. OH-18-20299-1</Includes>
                <Includes>Salmonella sp. OH-18-20299-2</Includes>
                <Includes>Salmonella sp. OH-18-20299-3</Includes>
                <Includes>Salmonella sp. OH-18-20299-4</Includes>
                <Includes>Salmonella sp. OH-18-20299-5</Includes>
                <Includes>Salmonella sp. OH-18-20299-6</Includes>
                <Includes>Salmonella sp. OH-18-20299-7</Includes>
                <Includes>Salmonella sp. OH-18-20299-8</Includes>
                <Includes>Salmonella sp. OH-18-20386</Includes>
                <Includes>Salmonella sp. OH-18-20895</Includes>
                <Includes>Salmonella sp. OH-18-20897</Includes>
                <Includes>Salmonella sp. OH-18-21102</Includes>
                <Includes>Salmonella sp. OH-18-21112</Includes>
                <Includes>Salmonella sp. OH-18-21175</Includes>
                <Includes>Salmonella sp. OH-18-21493-S</Includes>
                <Includes>Salmonella sp. OH-18-21628</Includes>
                <Includes>Salmonella sp. OH-18-21629</Includes>
                <Includes>Salmonella sp. OH-18-21765</Includes>
                <Includes>Salmonella sp. OH-18-21865-2</Includes>
                <Includes>Salmonella sp. OH-18-22026</Includes>
                <Includes>Salmonella sp. OH-18-22045</Includes>
                <Includes>Salmonella sp. OH-18-22168</Includes>
                <Includes>Salmonella sp. OH-18-22269-1</Includes>
                <Includes>Salmonella sp. OH-18-22479</Includes>
                <Includes>Salmonella sp. SAL-18-VL-LA-TX-0007</Includes>
                <Includes>Salmonella sp. SAL-18-VL-LA-TX-0008</Includes>
                <Includes>Salmonella sp. SAL-18-VL-LA-TX-0009</Includes>
                <Includes>Salmonella sp. SAL-18-VL-NY-MS-0001</Includes>
                <Includes>Salmonella sp. SAL-18-VL-NY-MS-0002</Includes>
                <Includes>Salmonella sp. SAL-18-VL-NY-MS-0003</Includes>
                <Includes>Salmonella sp. SAL-18-VL-NY-NJ-0001</Includes>
                <Includes>Salmonella sp. SAL-18-VL-NY-UP-NBC-0001</Includes>
                <Includes>Salmonella sp. SAL-18-VL-NY-UP-NBC-0004</Includes>
                <Includes>Salmonella sp. SAL-18-VL-NY-UP-NBC-0005</Includes>
                <Includes>Salmonella sp. SAL-18-VL-NY-UP-NBC-0006</Includes>
                <Includes>Salmonella sp. SAL-18-VL-NY-UP-NBC-0007</Includes>
                <Includes>Salmonella sp. SAL-18-VL-OH-IN-0001</Includes>
                <Includes>Salmonella sp. SAL-18-VL-OH-IN-0002</Includes>
                <Includes>Salmonella sp. SAL-18-VL-OH-IN-0003</Includes>
                <Includes>Salmonella sp. SAL-18-VL-OH-IN-0005</Includes>
                <Includes>Salmonella sp. SAL-18-VL-OH-IN-0007</Includes>
                <Includes>Salmonella sp. SAL-18-VL-OH-WA-0012</Includes>
                <Includes>Salmonella sp. SAL-18-VL-OH-WA-0013</Includes>
                <Includes>Salmonella sp. SAL-18-VL-OH-WA-0014</Includes>
                <Includes>Salmonella sp. SAL-18-VL-OH-WA-0017</Includes>
                <Includes>Salmonella sp. TTU_251</Includes>
                <Includes>Salmonella sp. TTU_258</Includes>
                <Includes>Salmonella sp. TTU_262</Includes>
                <Includes>Salmonella sp. TTU_264</Includes>
                <Includes>Salmonella sp. TTU_265</Includes>
                <Includes>Salmonella sp. TTU_266</Includes>
                <Includes>Salmonella sp. TTU_267</Includes>
                <Includes>Salmonella sp. TTU_269</Includes>
                <Includes>Salmonella sp. TTU_274</Includes>
                <Includes>Salmonella sp. TTU_279</Includes>
                <Includes>Salmonella sp. TTU_282</Includes>
                <Includes>Salmonella sp. TTU_284</Includes>
                <Includes>Salmonella sp. TTU_287</Includes>
                <Includes>Salmonella sp. TTU_289</Includes>
                <Includes>Salmonella sp. TTU_297</Includes>
                <Includes>Salmonella sp. TTU_298</Includes>
                <Includes>Salmonella sp. TTU_299</Includes>
                <Includes>Salmonella sp. TTU_303</Includes>
                <Includes>Salmonella sp. TTU_304</Includes>
                <Includes>Salmonella sp. TTU_305</Includes>
                <Includes>Salmonella sp. TTU_306</Includes>
                <Includes>Salmonella sp. TTU_307</Includes>
                <Includes>Salmonella sp. TTU_308</Includes>
                <Includes>Salmonella sp. TTU_309</Includes>
                <Includes>Salmonella sp. TTU_310</Includes>
                <Includes>Salmonella sp. TTU_311</Includes>
                <Includes>Salmonella sp. TTU_312</Includes>
                <Includes>Salmonella sp. TTU_313</Includes>
                <Includes>Salmonella sp. TTU_314</Includes>
                <Includes>Salmonella sp. TTU_315</Includes>
                <Includes>Salmonella sp. TTU_316</Includes>
                <Includes>Salmonella sp. TTU_317</Includes>
                <Includes>Salmonella sp. TTU_318</Includes>
                <Includes>Salmonella sp. TTU_319</Includes>
                <Includes>Salmonella sp. TTU_320</Includes>
                <Includes>Salmonella sp. TTU_321</Includes>
                <Includes>Salmonella sp. TTU_322</Includes>
                <Includes>Salmonella sp. TTU_323</Includes>
                <Includes>Salmonella sp. TTU_324</Includes>
                <Includes>Salmonella sp. TTU_325</Includes>
                <Includes>Salmonella sp. TTU_326</Includes>
                <Includes>Salmonella sp. TTU_327</Includes>
                <Includes>Salmonella sp. TTU_328</Includes>
                <Includes>Salmonella sp. TTU_329</Includes>
                <Includes>Salmonella sp. TTU_330</Includes>
                <Includes>Salmonella sp. TTU_331</Includes>
                <Includes>Salmonella sp. TTU_332</Includes>
                <Includes>Salmonella sp. TTU_333</Includes>
                <Includes>Salmonella sp. TTU_334</Includes>
                <Includes>Salmonella sp. TTU_335</Includes>
                <Includes>Salmonella sp. TTU_338</Includes>
                <Includes>Salmonella sp. TTU_345</Includes>
                <Includes>Salmonella sp. TTU_352</Includes>
                <Includes>Salmonella sp. TTU_353</Includes>
                <Includes>Salmonella sp. TTU_357</Includes>
                <Includes>Salmonella sp. TTU_358</Includes>
                <Includes>Salmonella sp. TTU_359</Includes>
                <Includes>Salmonella sp. TXACF1801691</Includes>
                <Includes>Salmonella sp. Z-172</Includes>
                <Includes>Salmonella sp. ZH-248</Includes>
                <Name>
                    <ClassCDE>authority</ClassCDE>
                    <DispName>&quot;Bacillus cholerae-suis&quot; Smith 1894</DispName>
                </Name>
                <Name>
                    <ClassCDE>authority</ClassCDE>
                    <DispName>&quot;Salmonella enterica&quot; Kauffmann and Edwards 1952</DispName>
                </Name>
                <Name>
                    <ClassCDE>authority</ClassCDE>
                    <DispName>Salmonella choleraesuis corrig. (Smith 1894) Weldin 1927 (Approved Lists 1980)</DispName>
                </Name>
                <Name>
                    <ClassCDE>authority</ClassCDE>
                    <DispName>Salmonella enterica (ex Kauffmann and Edwards 1952) Le Minor and Popoff 1987</DispName>
                </Name>
                <Name>
                    <ClassCDE>type material</ClassCDE>
                    <DispName>ATCC 13312</DispName>
                </Name>
                <Name>
                    <ClassCDE>type material</ClassCDE>
                    <DispName>ATCC 43971</DispName>
                </Name>
                <Name>
                    <ClassCDE>type material</ClassCDE>
                    <DispName>ATCC 700720</DispName>
                </Name>
                <Name>
                    <ClassCDE>type material</ClassCDE>
                    <DispName>ATCC:13312</DispName>
                </Name>
                <Name>
                    <ClassCDE>type material</ClassCDE>
                    <DispName>ATCC:43971</DispName>
                </Name>
                <Name>
                    <ClassCDE>type material</ClassCDE>
                    <DispName>ATCC:700720</DispName>
                </Name>
                <Name>
                    <ClassCDE>type material</ClassCDE>
                    <DispName>CCUG 42060</DispName>
                </Name>
                <Name>
                    <ClassCDE>type material</ClassCDE>
                    <DispName>CCUG:42060</DispName>
                </Name>
                <Name>
                    <ClassCDE>type material</ClassCDE>
                    <DispName>CECT 915</DispName>
                </Name>
                <Name>
                    <ClassCDE>type material</ClassCDE>
                    <DispName>CECT:915</DispName>
                </Name>
                <Name>
                    <ClassCDE>type material</ClassCDE>
                    <DispName>CIP 55-133</DispName>
                </Name>
                <Name>
                    <ClassCDE>type material</ClassCDE>
                    <DispName>CIP 55.133</DispName>
                </Name>
                <Name>
                    <ClassCDE>type material</ClassCDE>
                    <DispName>CIP 58.57</DispName>
                </Name>
                <Name>
                    <ClassCDE>type material</ClassCDE>
                    <DispName>CIP 60.62</DispName>
                </Name>
                <Name>
                    <ClassCDE>type material</ClassCDE>
                    <DispName>CIP:55-133</DispName>
                </Name>
                <Name>
                    <ClassCDE>type material</ClassCDE>
                    <DispName>CIP:55.133</DispName>
                </Name>
                <Name>
                    <ClassCDE>type material</ClassCDE>
                    <DispName>CIP:58.57</DispName>
                </Name>
                <Name>
                    <ClassCDE>type material</ClassCDE>
                    <DispName>CIP:60.62</DispName>
                </Name>
                <Name>
                    <ClassCDE>type material</ClassCDE>
                    <DispName>DSM 14846</DispName>
                </Name>
                <Name>
                    <ClassCDE>type material</ClassCDE>
                    <DispName>DSM 17058</DispName>
                </Name>
                <Name>
                    <ClassCDE>type material</ClassCDE>
                    <DispName>DSM:14846</DispName>
                </Name>
                <Name>
                    <ClassCDE>type material</ClassCDE>
                    <DispName>DSM:17058</DispName>
                </Name>
                <Name>
                    <ClassCDE>type material</ClassCDE>
                    <DispName>JCM 1651</DispName>
                </Name>
                <Name>
                    <ClassCDE>type material</ClassCDE>
                    <DispName>JCM:1651</DispName>
                </Name>
                <Name>
                    <ClassCDE>type material</ClassCDE>
                    <DispName>NBRC 105684</DispName>
                </Name>
                <Name>
                    <ClassCDE>type material</ClassCDE>
                    <DispName>NBRC 13245</DispName>
                </Name>
                <Name>
                    <ClassCDE>type material</ClassCDE>
                    <DispName>NBRC:105684</DispName>
                </Name>
                <Name>
                    <ClassCDE>type material</ClassCDE>
                    <DispName>NBRC:13245</DispName>
                </Name>
                <Name>
                    <ClassCDE>type material</ClassCDE>
                    <DispName>NCIMB 11450</DispName>
                </Name>
                <Name>
                    <ClassCDE>type material</ClassCDE>
                    <DispName>NCIMB:11450</DispName>
                </Name>
                <Name>
                    <ClassCDE>type material</ClassCDE>
                    <DispName>NCTC 12416</DispName>
                </Name>
                <Name>
                    <ClassCDE>type material</ClassCDE>
                    <DispName>NCTC 5735</DispName>
                </Name>
                <Name>
                    <ClassCDE>type material</ClassCDE>
                    <DispName>NCTC:12416</DispName>
                </Name>
                <Name>
                    <ClassCDE>type material</ClassCDE>
                    <DispName>NCTC:5735</DispName>
                </Name>
                <Name>
                    <ClassCDE>type material</ClassCDE>
                    <DispName>SGSC 1412</DispName>
                </Name>
                <Name>
                    <ClassCDE>type material</ClassCDE>
                    <DispName>SGSC:1412</DispName>
                </Name>
                <Name>
                    <ClassCDE>type material</ClassCDE>
                    <DispName>personal::LT2</DispName>
                </Name>
                <Name>
                    <ClassCDE>type material</ClassCDE>
                    <DispName>strain LT2</DispName>
                </Name>
            </OtherNames>
            <ParentTaxId>590</ParentTaxId>
            <Rank>species</Rank>
            <Division>Bacteria</Division>
            <GeneticCode>
                <GCId>11</GCId>
                <GCName>Bacterial, Archaeal and Plant Plastid</GCName>
            </GeneticCode>
            <MitoGeneticCode>
                <MGCId>0</MGCId>
                <MGCName>Unspecified</MGCName>
            </MitoGeneticCode>
            <Lineage>cellular organisms; Bacteria; Proteobacteria; Gammaproteobacteria; Enterobacterales; Enterobacteriaceae; Salmonella</Lineage>
            <LineageEx>
                <Taxon>
                    <TaxId>131567</TaxId>
                    <ScientificName>cellular organisms</ScientificName>
                    <Rank>no rank</Rank>
                </Taxon>
                <Taxon>
                    <TaxId>2</TaxId>
                    <ScientificName>Bacteria</ScientificName>
                    <Rank>superkingdom</Rank>
                </Taxon>
                <Taxon>
                    <TaxId>1224</TaxId>
                    <ScientificName>Proteobacteria</ScientificName>
                    <Rank>phylum</Rank>
                </Taxon>
                <Taxon>
                    <TaxId>1236</TaxId>
                    <ScientificName>Gammaproteobacteria</ScientificName>
                    <Rank>class</Rank>
                </Taxon>
                <Taxon>
                    <TaxId>91347</TaxId>
                    <ScientificName>Enterobacterales</ScientificName>
                    <Rank>order</Rank>
                </Taxon>
                <Taxon>
                    <TaxId>543</TaxId>
                    <ScientificName>Enterobacteriaceae</ScientificName>
                    <Rank>family</Rank>
                </Taxon>
                <Taxon>
                    <TaxId>590</TaxId>
                    <ScientificName>Salmonella</ScientificName>
                    <Rank>genus</Rank>
                </Taxon>
            </LineageEx>
            <CreateDate>1995/02/27 09:24:00</CreateDate>
            <UpdateDate>2019/10/07 17:21:10</UpdateDate>
            <PubDate>1993/04/21 01:00:00</PubDate>
        </Taxon>

        </TaxaSet>
  recorded_at: 2020-03-06 01:27:12 GMT
  recorded_with: vcr/0.5.0, webmockr/0.6.0
- request:
    method: get
    uri: https://eutils.ncbi.nlm.nih.gov/entrez/eutils/esearch.fcgi?db=taxonomy&term=Salmonella%5BNext%20Level%5D%20AND%20Enterobacteriaceae%5Bsubtree%5D&RetMax=1000&RetStart=0&api_key=<<entrez_api_token>>
    body:
      encoding: ''
      string: ''
    headers:
      Accept-Encoding: gzip, deflate
      Accept: application/json, text/xml, application/xml, */*
      User-Agent: r-curl/4.3 crul/0.9.0 rOpenSci(taxize/0.9.92.92)
      X-USER-AGENT: r-curl/4.3 crul/0.9.0 rOpenSci(taxize/0.9.92.92)
  response:
    status:
      status_code: '200'
      message: OK
      explanation: Request fulfilled, document follows
    headers:
      status: HTTP/1.1 200 OK
      date: Fri, 06 Mar 2020 01:27:09 GMT
      server: Finatra
      strict-transport-security: max-age=31536000; includeSubDomains; preload
      content-security-policy: upgrade-insecure-requests
      x-ratelimit-remaining: '8'
      ncbi-phid: 939B359643F5AE95000028471DF5CDA1.1.1.m_1
      cache-control: private
      ncbi-sid: DB60B43239C2E2D5_95E9SID
      content-encoding: gzip
      x-ratelimit-limit: '10'
      access-control-allow-origin: '*'
      content-type: text/xml; charset=UTF-8
      set-cookie: ncbi_sid=DB60B43239C2E2D5_95E9SID; domain=.nih.gov; path=/; expires=Sat,
        06 Mar 2021 01:27:10 GMT
      x-ua-compatible: IE=Edge
      x-xss-protection: 1; mode=block
      transfer-encoding: chunked
    body:
      encoding: UTF-8
      file: no
      string: |
        <?xml version="1.0" encoding="UTF-8" ?>
        <!DOCTYPE eSearchResult PUBLIC "-//NLM//DTD esearch 20060628//EN" "https://eutils.ncbi.nlm.nih.gov/eutils/dtd/20060628/esearch.dtd">
        <eSearchResult><Count>5</Count><RetMax>5</RetMax><RetStart>0</RetStart><IdList>
        <Id>2614656</Id>
        <Id>2588448</Id>
        <Id>263770</Id>
        <Id>54736</Id>
        <Id>28901</Id>
        </IdList><TranslationSet/><TranslationStack>   <TermSet>    <Term>Salmonella[Next Level]</Term>    <Field>Next Level</Field>    <Count>5</Count>    <Explode>N</Explode>   </TermSet>   <TermSet>    <Term>Enterobacteriaceae[subtree]</Term>    <Field>subtree</Field>    <Count>20377</Count>    <Explode>N</Explode>   </TermSet>   <OP>AND</OP>  </TranslationStack><QueryTranslation>Salmonella[Next Level] AND Enterobacteriaceae[subtree]</QueryTranslation></eSearchResult>
  recorded_at: 2020-03-06 01:27:12 GMT
  recorded_with: vcr/0.5.0, webmockr/0.6.0
- request:
    method: get
    uri: https://eutils.ncbi.nlm.nih.gov/entrez/eutils/esummary.fcgi?db=taxonomy&id=2614656%2B2588448%2B263770%2B54736%2B28901&api_key=<<entrez_api_token>>
    body:
      encoding: ''
      string: ''
    headers:
      Accept-Encoding: gzip, deflate
      Accept: application/json, text/xml, application/xml, */*
      User-Agent: r-curl/4.3 crul/0.9.0 rOpenSci(taxize/0.9.92.92)
      X-USER-AGENT: r-curl/4.3 crul/0.9.0 rOpenSci(taxize/0.9.92.92)
  response:
    status:
      status_code: '200'
      message: OK
      explanation: Request fulfilled, document follows
    headers:
      status: HTTP/1.1 200 OK
      date: Fri, 06 Mar 2020 01:27:10 GMT
      server: Finatra
      strict-transport-security: max-age=31536000; includeSubDomains; preload
      content-security-policy: upgrade-insecure-requests
      x-ratelimit-remaining: '8'
      ncbi-phid: 939B359643F5AE9500003B471E52455A.1.1.m_1
      cache-control: private
      ncbi-sid: 384796D7EFEAFB4C_31CBSID
      content-encoding: gzip
      x-ratelimit-limit: '10'
      access-control-allow-origin: '*'
      content-type: text/xml; charset=UTF-8
      set-cookie: ncbi_sid=384796D7EFEAFB4C_31CBSID; domain=.nih.gov; path=/; expires=Sat,
        06 Mar 2021 01:27:10 GMT
      x-ua-compatible: IE=Edge
      x-xss-protection: 1; mode=block
      transfer-encoding: chunked
    body:
      encoding: UTF-8
      file: no
      string: "<?xml version=\"1.0\" encoding=\"UTF-8\" ?>\n<!DOCTYPE eSummaryResult
        PUBLIC \"-//NLM//DTD esummary v1 20041029//EN\" \"https://eutils.ncbi.nlm.nih.gov/eutils/dtd/20041029/esummary-v1.dtd\">\n<eSummaryResult>\n<DocSum>\n\t<Id>2614656</Id>\n\t<Item
        Name=\"Status\" Type=\"String\">active</Item>\n\t<Item Name=\"Rank\" Type=\"String\"></Item>\n\t<Item
        Name=\"Division\" Type=\"String\">enterobacteria</Item>\n\t<Item Name=\"ScientificName\"
        Type=\"String\">unclassified Salmonella</Item>\n\t<Item Name=\"CommonName\"
        Type=\"String\"></Item>\n\t<Item Name=\"TaxId\" Type=\"Integer\">2614656</Item>\n\t<Item
        Name=\"AkaTaxId\" Type=\"Integer\">0</Item>\n\t<Item Name=\"Genus\" Type=\"String\"></Item>\n\t<Item
        Name=\"Species\" Type=\"String\"></Item>\n\t<Item Name=\"Subsp\" Type=\"String\"></Item>\n\t<Item
        Name=\"ModificationDate\" Type=\"Date\">2019/09/22 00:00</Item>\n</DocSum>\n\n<DocSum>\n\t<Id>2588448</Id>\n\t<Item
        Name=\"Status\" Type=\"String\">active</Item>\n\t<Item Name=\"Rank\" Type=\"String\"></Item>\n\t<Item
        Name=\"Division\" Type=\"String\">enterobacteria</Item>\n\t<Item Name=\"ScientificName\"
        Type=\"String\">Salmonella sp. SH11G0791</Item>\n\t<Item Name=\"CommonName\"
        Type=\"String\"></Item>\n\t<Item Name=\"TaxId\" Type=\"Integer\">2588448</Item>\n\t<Item
        Name=\"AkaTaxId\" Type=\"Integer\">0</Item>\n\t<Item Name=\"Genus\" Type=\"String\"></Item>\n\t<Item
        Name=\"Species\" Type=\"String\"></Item>\n\t<Item Name=\"Subsp\" Type=\"String\"></Item>\n\t<Item
        Name=\"ModificationDate\" Type=\"Date\">2019/06/13 00:00</Item>\n</DocSum>\n\n<DocSum>\n\t<Id>263770</Id>\n\t<Item
        Name=\"Status\" Type=\"String\">active</Item>\n\t<Item Name=\"Rank\" Type=\"String\"></Item>\n\t<Item
        Name=\"Division\" Type=\"String\">enterobacteria</Item>\n\t<Item Name=\"ScientificName\"
        Type=\"String\">environmental samples</Item>\n\t<Item Name=\"CommonName\"
        Type=\"String\"></Item>\n\t<Item Name=\"TaxId\" Type=\"Integer\">263770</Item>\n\t<Item
        Name=\"AkaTaxId\" Type=\"Integer\">0</Item>\n\t<Item Name=\"Genus\" Type=\"String\"></Item>\n\t<Item
        Name=\"Species\" Type=\"String\"></Item>\n\t<Item Name=\"Subsp\" Type=\"String\"></Item>\n\t<Item
        Name=\"ModificationDate\" Type=\"Date\">2018/10/18 00:00</Item>\n</DocSum>\n\n<DocSum>\n\t<Id>54736</Id>\n\t<Item
        Name=\"Status\" Type=\"String\">active</Item>\n\t<Item Name=\"Rank\" Type=\"String\">species</Item>\n\t<Item
        Name=\"Division\" Type=\"String\">enterobacteria</Item>\n\t<Item Name=\"ScientificName\"
        Type=\"String\">Salmonella bongori</Item>\n\t<Item Name=\"CommonName\" Type=\"String\"></Item>\n\t<Item
        Name=\"TaxId\" Type=\"Integer\">54736</Item>\n\t<Item Name=\"AkaTaxId\" Type=\"Integer\">0</Item>\n\t<Item
        Name=\"Genus\" Type=\"String\">Salmonella</Item>\n\t<Item Name=\"Species\"
        Type=\"String\">bongori</Item>\n\t<Item Name=\"Subsp\" Type=\"String\"></Item>\n\t<Item
        Name=\"ModificationDate\" Type=\"Date\">2018/10/31 00:00</Item>\n</DocSum>\n\n<DocSum>\n\t<Id>28901</Id>\n\t<Item
        Name=\"Status\" Type=\"String\">active</Item>\n\t<Item Name=\"Rank\" Type=\"String\">species</Item>\n\t<Item
        Name=\"Division\" Type=\"String\">enterobacteria</Item>\n\t<Item Name=\"ScientificName\"
        Type=\"String\">Salmonella enterica</Item>\n\t<Item Name=\"CommonName\" Type=\"String\"></Item>\n\t<Item
        Name=\"TaxId\" Type=\"Integer\">28901</Item>\n\t<Item Name=\"AkaTaxId\" Type=\"Integer\">0</Item>\n\t<Item
        Name=\"Genus\" Type=\"String\">Salmonella</Item>\n\t<Item Name=\"Species\"
        Type=\"String\">enterica</Item>\n\t<Item Name=\"Subsp\" Type=\"String\"></Item>\n\t<Item
        Name=\"ModificationDate\" Type=\"Date\">2019/10/07 00:00</Item>\n</DocSum>\n\n</eSummaryResult>\n"
  recorded_at: 2020-03-06 01:27:12 GMT
  recorded_with: vcr/0.5.0, webmockr/0.6.0
- request:
    method: get
    uri: https://eutils.ncbi.nlm.nih.gov/entrez/eutils/efetch.fcgi?db=taxonomy&ID=2508041&api_key=<<entrez_api_token>>
    body:
      encoding: ''
      string: ''
    headers:
      User-Agent: libcurl/7.54.0 r-curl/4.3 crul/0.9.0
      Accept-Encoding: gzip, deflate
      Accept: application/json, text/xml, application/xml, */*
  response:
    status:
      status_code: '200'
      message: OK
      explanation: Request fulfilled, document follows
    headers:
      status: HTTP/1.1 200 OK
      date: Fri, 06 Mar 2020 01:27:10 GMT
      server: Finatra
      strict-transport-security: max-age=31536000; includeSubDomains; preload
      content-security-policy: upgrade-insecure-requests
      x-ratelimit-remaining: '7'
      ncbi-phid: 939B359643F5AE95000052471F39E21D.1.1.m_3
      cache-control: private
      ncbi-sid: 1723F22E6464F497_472DSID
      content-encoding: gzip
      x-ratelimit-limit: '10'
      access-control-allow-origin: '*'
      content-type: text/xml; charset=UTF-8
      set-cookie: ncbi_sid=1723F22E6464F497_472DSID; domain=.nih.gov; path=/; expires=Sat,
        06 Mar 2021 01:27:11 GMT
      x-ua-compatible: IE=Edge
      x-xss-protection: 1; mode=block
      transfer-encoding: chunked
    body:
      encoding: UTF-8
      file: no
      string: |-
        <?xml version="1.0" ?>
        <!DOCTYPE TaxaSet PUBLIC "-//NLM//DTD Taxon, 14th January 2002//EN" "https://www.ncbi.nlm.nih.gov/entrez/query/DTD/taxon.dtd">
        <TaxaSet><Taxon>
            <TaxId>2508041</TaxId>
            <ScientificName>unclassified Helianthus</ScientificName>
            <ParentTaxId>4231</ParentTaxId>
            <Rank>no rank</Rank>
            <Division>Plants and Fungi</Division>
            <GeneticCode>
                <GCId>1</GCId>
                <GCName>Standard</GCName>
            </GeneticCode>
            <MitoGeneticCode>
                <MGCId>1</MGCId>
                <MGCName>Standard</MGCName>
            </MitoGeneticCode>
            <Lineage>cellular organisms; Eukaryota; Viridiplantae; Streptophyta; Streptophytina; Embryophyta; Tracheophyta; Euphyllophyta; Spermatophyta; Magnoliopsida; Mesangiospermae; eudicotyledons; Gunneridae; Pentapetalae; asterids; campanulids; Asterales; Asteraceae; Asteroideae; Heliantheae alliance; Heliantheae; Helianthus</Lineage>
            <LineageEx>
                <Taxon>
                    <TaxId>131567</TaxId>
                    <ScientificName>cellular organisms</ScientificName>
                    <Rank>no rank</Rank>
                </Taxon>
                <Taxon>
                    <TaxId>2759</TaxId>
                    <ScientificName>Eukaryota</ScientificName>
                    <Rank>superkingdom</Rank>
                </Taxon>
                <Taxon>
                    <TaxId>33090</TaxId>
                    <ScientificName>Viridiplantae</ScientificName>
                    <Rank>kingdom</Rank>
                </Taxon>
                <Taxon>
                    <TaxId>35493</TaxId>
                    <ScientificName>Streptophyta</ScientificName>
                    <Rank>phylum</Rank>
                </Taxon>
                <Taxon>
                    <TaxId>131221</TaxId>
                    <ScientificName>Streptophytina</ScientificName>
                    <Rank>subphylum</Rank>
                </Taxon>
                <Taxon>
                    <TaxId>3193</TaxId>
                    <ScientificName>Embryophyta</ScientificName>
                    <Rank>no rank</Rank>
                </Taxon>
                <Taxon>
                    <TaxId>58023</TaxId>
                    <ScientificName>Tracheophyta</ScientificName>
                    <Rank>no rank</Rank>
                </Taxon>
                <Taxon>
                    <TaxId>78536</TaxId>
                    <ScientificName>Euphyllophyta</ScientificName>
                    <Rank>no rank</Rank>
                </Taxon>
                <Taxon>
                    <TaxId>58024</TaxId>
                    <ScientificName>Spermatophyta</ScientificName>
                    <Rank>no rank</Rank>
                </Taxon>
                <Taxon>
                    <TaxId>3398</TaxId>
                    <ScientificName>Magnoliopsida</ScientificName>
                    <Rank>class</Rank>
                </Taxon>
                <Taxon>
                    <TaxId>1437183</TaxId>
                    <ScientificName>Mesangiospermae</ScientificName>
                    <Rank>no rank</Rank>
                </Taxon>
                <Taxon>
                    <TaxId>71240</TaxId>
                    <ScientificName>eudicotyledons</ScientificName>
                    <Rank>no rank</Rank>
                </Taxon>
                <Taxon>
                    <TaxId>91827</TaxId>
                    <ScientificName>Gunneridae</ScientificName>
                    <Rank>no rank</Rank>
                </Taxon>
                <Taxon>
                    <TaxId>1437201</TaxId>
                    <ScientificName>Pentapetalae</ScientificName>
                    <Rank>no rank</Rank>
                </Taxon>
                <Taxon>
                    <TaxId>71274</TaxId>
                    <ScientificName>asterids</ScientificName>
                    <Rank>no rank</Rank>
                </Taxon>
                <Taxon>
                    <TaxId>91882</TaxId>
                    <ScientificName>campanulids</ScientificName>
                    <Rank>no rank</Rank>
                </Taxon>
                <Taxon>
                    <TaxId>4209</TaxId>
                    <ScientificName>Asterales</ScientificName>
                    <Rank>order</Rank>
                </Taxon>
                <Taxon>
                    <TaxId>4210</TaxId>
                    <ScientificName>Asteraceae</ScientificName>
                    <Rank>family</Rank>
                </Taxon>
                <Taxon>
                    <TaxId>102804</TaxId>
                    <ScientificName>Asteroideae</ScientificName>
                    <Rank>subfamily</Rank>
                </Taxon>
                <Taxon>
                    <TaxId>911341</TaxId>
                    <ScientificName>Heliantheae alliance</ScientificName>
                    <Rank>no rank</Rank>
                </Taxon>
                <Taxon>
                    <TaxId>102814</TaxId>
                    <ScientificName>Heliantheae</ScientificName>
                    <Rank>tribe</Rank>
                </Taxon>
                <Taxon>
                    <TaxId>4231</TaxId>
                    <ScientificName>Helianthus</ScientificName>
                    <Rank>genus</Rank>
                </Taxon>
            </LineageEx>
            <Properties>
                <Property>
                    <PropName>pgcode</PropName>
                    <PropValueInt>11</PropValueInt>
                </Property>
            </Properties>
            <CreateDate>2019/01/18 15:50:05</CreateDate>
            <UpdateDate>2019/01/18 15:57:04</UpdateDate>
            <PubDate>2019/01/18 19:06:34</PubDate>
        </Taxon>

        </TaxaSet>
  recorded_at: 2020-03-06 01:27:12 GMT
  recorded_with: vcr/0.5.0, webmockr/0.6.0
- request:
    method: get
    uri: https://eutils.ncbi.nlm.nih.gov/entrez/eutils/esearch.fcgi?db=taxonomy&term=Helianthus%5BNext%20Level%5D%20AND%20Heliantheae%5Bsubtree%5D&RetMax=1000&RetStart=0&api_key=<<entrez_api_token>>
    body:
      encoding: ''
      string: ''
    headers:
      Accept-Encoding: gzip, deflate
      Accept: application/json, text/xml, application/xml, */*
      User-Agent: r-curl/4.3 crul/0.9.0 rOpenSci(taxize/0.9.92.92)
      X-USER-AGENT: r-curl/4.3 crul/0.9.0 rOpenSci(taxize/0.9.92.92)
  response:
    status:
      status_code: '200'
      message: OK
      explanation: Request fulfilled, document follows
    headers:
      status: HTTP/1.1 200 OK
      date: Fri, 06 Mar 2020 01:27:11 GMT
      server: Finatra
      strict-transport-security: max-age=31536000; includeSubDomains; preload
      content-security-policy: upgrade-insecure-requests
      x-ratelimit-remaining: '8'
      ncbi-phid: 939B359643F5AE95000038472050D297.1.1.m_1
      cache-control: private
      ncbi-sid: D18707D4F257D835_10E7SID
      content-encoding: gzip
      x-ratelimit-limit: '10'
      access-control-allow-origin: '*'
      content-type: text/xml; charset=UTF-8
      set-cookie: ncbi_sid=D18707D4F257D835_10E7SID; domain=.nih.gov; path=/; expires=Sat,
        06 Mar 2021 01:27:12 GMT
      x-ua-compatible: IE=Edge
      x-xss-protection: 1; mode=block
      transfer-encoding: chunked
    body:
      encoding: UTF-8
      file: no
      string: |
        <?xml version="1.0" encoding="UTF-8" ?>
        <!DOCTYPE eSearchResult PUBLIC "-//NLM//DTD esearch 20060628//EN" "https://eutils.ncbi.nlm.nih.gov/eutils/dtd/20060628/esearch.dtd">
        <eSearchResult><Count>61</Count><RetMax>61</RetMax><RetStart>0</RetStart><IdList>
        <Id>2584715</Id>
        <Id>2508041</Id>
        <Id>2065898</Id>
        <Id>2010334</Id>
        <Id>1702218</Id>
        <Id>1312851</Id>
        <Id>1048930</Id>
        <Id>400408</Id>
        <Id>382522</Id>
        <Id>382521</Id>
        <Id>382520</Id>
        <Id>382519</Id>
        <Id>193314</Id>
        <Id>187455</Id>
        <Id>140109</Id>
        <Id>73313</Id>
        <Id>73312</Id>
        <Id>73311</Id>
        <Id>73310</Id>
        <Id>73309</Id>
        <Id>73308</Id>
        <Id>73307</Id>
        <Id>73306</Id>
        <Id>73305</Id>
        <Id>73304</Id>
        <Id>73303</Id>
        <Id>73302</Id>
        <Id>73301</Id>
        <Id>73300</Id>
        <Id>73299</Id>
        <Id>73298</Id>
        <Id>73297</Id>
        <Id>73296</Id>
        <Id>73295</Id>
        <Id>73294</Id>
        <Id>73293</Id>
        <Id>73292</Id>
        <Id>73291</Id>
        <Id>73290</Id>
        <Id>73289</Id>
        <Id>73288</Id>
        <Id>73287</Id>
        <Id>73286</Id>
        <Id>73285</Id>
        <Id>73284</Id>
        <Id>73283</Id>
        <Id>73282</Id>
        <Id>73281</Id>
        <Id>73280</Id>
        <Id>73279</Id>
        <Id>73278</Id>
        <Id>73277</Id>
        <Id>73276</Id>
        <Id>73275</Id>
        <Id>73274</Id>
        <Id>73273</Id>
        <Id>73272</Id>
        <Id>53583</Id>
        <Id>4234</Id>
        <Id>4233</Id>
        <Id>4232</Id>
        </IdList><TranslationSet/><TranslationStack>   <TermSet>    <Term>Helianthus[Next Level]</Term>    <Field>Next Level</Field>    <Count>61</Count>    <Explode>N</Explode>   </TermSet>   <TermSet>    <Term>Heliantheae[subtree]</Term>    <Field>subtree</Field>    <Count>846</Count>    <Explode>N</Explode>   </TermSet>   <OP>AND</OP>  </TranslationStack><QueryTranslation>Helianthus[Next Level] AND Heliantheae[subtree]</QueryTranslation></eSearchResult>
  recorded_at: 2020-03-06 01:27:12 GMT
  recorded_with: vcr/0.5.0, webmockr/0.6.0
- request:
    method: get
    uri: https://eutils.ncbi.nlm.nih.gov/entrez/eutils/esummary.fcgi?db=taxonomy&id=2584715%2B2508041%2B2065898%2B2010334%2B1702218%2B1312851%2B1048930%2B400408%2B382522%2B382521%2B382520%2B382519%2B193314%2B187455%2B140109%2B73313%2B73312%2B73311%2B73310%2B73309%2B73308%2B73307%2B73306%2B73305%2B73304%2B73303%2B73302%2B73301%2B73300%2B73299%2B73298%2B73297%2B73296%2B73295%2B73294%2B73293%2B73292%2B73291%2B73290%2B73289%2B73288%2B73287%2B73286%2B73285%2B73284%2B73283%2B73282%2B73281%2B73280%2B73279%2B73278%2B73277%2B73276%2B73275%2B73274%2B73273%2B73272%2B53583%2B4234%2B4233%2B4232&api_key=<<entrez_api_token>>
    body:
      encoding: ''
      string: ''
    headers:
      Accept-Encoding: gzip, deflate
      Accept: application/json, text/xml, application/xml, */*
      User-Agent: r-curl/4.3 crul/0.9.0 rOpenSci(taxize/0.9.92.92)
      X-USER-AGENT: r-curl/4.3 crul/0.9.0 rOpenSci(taxize/0.9.92.92)
  response:
    status:
      status_code: '200'
      message: OK
      explanation: Request fulfilled, document follows
    headers:
      status: HTTP/1.1 200 OK
      date: Fri, 06 Mar 2020 01:27:11 GMT
      server: Finatra
      strict-transport-security: max-age=31536000; includeSubDomains; preload
      content-security-policy: upgrade-insecure-requests
      x-ratelimit-remaining: '7'
      ncbi-phid: 939B359643F5AE9500003847207AA048.1.1.m_1
      cache-control: private
      ncbi-sid: 6E7110C398F675C1_AECASID
      content-encoding: gzip
      x-ratelimit-limit: '10'
      access-control-allow-origin: '*'
      content-type: text/xml; charset=UTF-8
      set-cookie: ncbi_sid=6E7110C398F675C1_AECASID; domain=.nih.gov; path=/; expires=Sat,
        06 Mar 2021 01:27:12 GMT
      x-ua-compatible: IE=Edge
      x-xss-protection: 1; mode=block
      transfer-encoding: chunked
    body:
      encoding: UTF-8
      file: no
      string: "<?xml version=\"1.0\" encoding=\"UTF-8\" ?>\n<!DOCTYPE eSummaryResult
        PUBLIC \"-//NLM//DTD esummary v1 20041029//EN\" \"https://eutils.ncbi.nlm.nih.gov/eutils/dtd/20041029/esummary-v1.dtd\">\n<eSummaryResult>\n<DocSum>\n\t<Id>2584715</Id>\n\t<Item
        Name=\"Status\" Type=\"String\">active</Item>\n\t<Item Name=\"Rank\" Type=\"String\">species</Item>\n\t<Item
        Name=\"Division\" Type=\"String\">eudicots</Item>\n\t<Item Name=\"ScientificName\"
        Type=\"String\">Helianthus divaricatus x Helianthus microcephalus</Item>\n\t<Item
        Name=\"CommonName\" Type=\"String\"></Item>\n\t<Item Name=\"TaxId\" Type=\"Integer\">2584715</Item>\n\t<Item
        Name=\"AkaTaxId\" Type=\"Integer\">0</Item>\n\t<Item Name=\"Genus\" Type=\"String\"></Item>\n\t<Item
        Name=\"Species\" Type=\"String\"></Item>\n\t<Item Name=\"Subsp\" Type=\"String\"></Item>\n\t<Item
        Name=\"ModificationDate\" Type=\"Date\">2019/09/02 00:00</Item>\n</DocSum>\n\n<DocSum>\n\t<Id>2508041</Id>\n\t<Item
        Name=\"Status\" Type=\"String\">active</Item>\n\t<Item Name=\"Rank\" Type=\"String\"></Item>\n\t<Item
        Name=\"Division\" Type=\"String\">eudicots</Item>\n\t<Item Name=\"ScientificName\"
        Type=\"String\">unclassified Helianthus</Item>\n\t<Item Name=\"CommonName\"
        Type=\"String\"></Item>\n\t<Item Name=\"TaxId\" Type=\"Integer\">2508041</Item>\n\t<Item
        Name=\"AkaTaxId\" Type=\"Integer\">0</Item>\n\t<Item Name=\"Genus\" Type=\"String\"></Item>\n\t<Item
        Name=\"Species\" Type=\"String\"></Item>\n\t<Item Name=\"Subsp\" Type=\"String\"></Item>\n\t<Item
        Name=\"ModificationDate\" Type=\"Date\">2019/01/19 00:00</Item>\n</DocSum>\n\n<DocSum>\n\t<Id>2065898</Id>\n\t<Item
        Name=\"Status\" Type=\"String\">active</Item>\n\t<Item Name=\"Rank\" Type=\"String\">species</Item>\n\t<Item
        Name=\"Division\" Type=\"String\">eudicots</Item>\n\t<Item Name=\"ScientificName\"
        Type=\"String\">Helianthus uniflorus</Item>\n\t<Item Name=\"CommonName\" Type=\"String\"></Item>\n\t<Item
        Name=\"TaxId\" Type=\"Integer\">2065898</Item>\n\t<Item Name=\"AkaTaxId\"
        Type=\"Integer\">0</Item>\n\t<Item Name=\"Genus\" Type=\"String\">Helianthus</Item>\n\t<Item
        Name=\"Species\" Type=\"String\">uniflorus</Item>\n\t<Item Name=\"Subsp\"
        Type=\"String\"></Item>\n\t<Item Name=\"ModificationDate\" Type=\"Date\">2017/12/28
        00:00</Item>\n</DocSum>\n\n<DocSum>\n\t<Id>2010334</Id>\n\t<Item Name=\"Status\"
        Type=\"String\">active</Item>\n\t<Item Name=\"Rank\" Type=\"String\">species</Item>\n\t<Item
        Name=\"Division\" Type=\"String\">eudicots</Item>\n\t<Item Name=\"ScientificName\"
        Type=\"String\">Helianthus x laetiflorus</Item>\n\t<Item Name=\"CommonName\"
        Type=\"String\"></Item>\n\t<Item Name=\"TaxId\" Type=\"Integer\">2010334</Item>\n\t<Item
        Name=\"AkaTaxId\" Type=\"Integer\">0</Item>\n\t<Item Name=\"Genus\" Type=\"String\"></Item>\n\t<Item
        Name=\"Species\" Type=\"String\"></Item>\n\t<Item Name=\"Subsp\" Type=\"String\"></Item>\n\t<Item
        Name=\"ModificationDate\" Type=\"Date\">2017/06/18 00:00</Item>\n</DocSum>\n\n<DocSum>\n\t<Id>1702218</Id>\n\t<Item
        Name=\"Status\" Type=\"String\">active</Item>\n\t<Item Name=\"Rank\" Type=\"String\">species</Item>\n\t<Item
        Name=\"Division\" Type=\"String\">eudicots</Item>\n\t<Item Name=\"ScientificName\"
        Type=\"String\">Helianthus winteri</Item>\n\t<Item Name=\"CommonName\" Type=\"String\"></Item>\n\t<Item
        Name=\"TaxId\" Type=\"Integer\">1702218</Item>\n\t<Item Name=\"AkaTaxId\"
        Type=\"Integer\">0</Item>\n\t<Item Name=\"Genus\" Type=\"String\">Helianthus</Item>\n\t<Item
        Name=\"Species\" Type=\"String\">winteri</Item>\n\t<Item Name=\"Subsp\" Type=\"String\"></Item>\n\t<Item
        Name=\"ModificationDate\" Type=\"Date\">2015/08/19 00:00</Item>\n</DocSum>\n\n<DocSum>\n\t<Id>1312851</Id>\n\t<Item
        Name=\"Status\" Type=\"String\">active</Item>\n\t<Item Name=\"Rank\" Type=\"String\">species</Item>\n\t<Item
        Name=\"Division\" Type=\"String\">eudicots</Item>\n\t<Item Name=\"ScientificName\"
        Type=\"String\">Helianthus annuus x Helianthus petiolaris</Item>\n\t<Item
        Name=\"CommonName\" Type=\"String\"></Item>\n\t<Item Name=\"TaxId\" Type=\"Integer\">1312851</Item>\n\t<Item
        Name=\"AkaTaxId\" Type=\"Integer\">0</Item>\n\t<Item Name=\"Genus\" Type=\"String\"></Item>\n\t<Item
        Name=\"Species\" Type=\"String\"></Item>\n\t<Item Name=\"Subsp\" Type=\"String\"></Item>\n\t<Item
        Name=\"ModificationDate\" Type=\"Date\">2013/04/03 00:00</Item>\n</DocSum>\n\n<DocSum>\n\t<Id>1048930</Id>\n\t<Item
        Name=\"Status\" Type=\"String\">active</Item>\n\t<Item Name=\"Rank\" Type=\"String\">species</Item>\n\t<Item
        Name=\"Division\" Type=\"String\">eudicots</Item>\n\t<Item Name=\"ScientificName\"
        Type=\"String\">Helianthus x multiflorus</Item>\n\t<Item Name=\"CommonName\"
        Type=\"String\"></Item>\n\t<Item Name=\"TaxId\" Type=\"Integer\">1048930</Item>\n\t<Item
        Name=\"AkaTaxId\" Type=\"Integer\">0</Item>\n\t<Item Name=\"Genus\" Type=\"String\"></Item>\n\t<Item
        Name=\"Species\" Type=\"String\"></Item>\n\t<Item Name=\"Subsp\" Type=\"String\"></Item>\n\t<Item
        Name=\"ModificationDate\" Type=\"Date\">2011/07/04 00:00</Item>\n</DocSum>\n\n<DocSum>\n\t<Id>400408</Id>\n\t<Item
        Name=\"Status\" Type=\"String\">active</Item>\n\t<Item Name=\"Rank\" Type=\"String\">species</Item>\n\t<Item
        Name=\"Division\" Type=\"String\">eudicots</Item>\n\t<Item Name=\"ScientificName\"
        Type=\"String\">Helianthus exilis</Item>\n\t<Item Name=\"CommonName\" Type=\"String\"></Item>\n\t<Item
        Name=\"TaxId\" Type=\"Integer\">400408</Item>\n\t<Item Name=\"AkaTaxId\" Type=\"Integer\">0</Item>\n\t<Item
        Name=\"Genus\" Type=\"String\">Helianthus</Item>\n\t<Item Name=\"Species\"
        Type=\"String\">exilis</Item>\n\t<Item Name=\"Subsp\" Type=\"String\"></Item>\n\t<Item
        Name=\"ModificationDate\" Type=\"Date\">2016/08/18 00:00</Item>\n</DocSum>\n\n<DocSum>\n\t<Id>382522</Id>\n\t<Item
        Name=\"Status\" Type=\"String\">active</Item>\n\t<Item Name=\"Rank\" Type=\"String\">species</Item>\n\t<Item
        Name=\"Division\" Type=\"String\">eudicots</Item>\n\t<Item Name=\"ScientificName\"
        Type=\"String\">Helianthus strumosus</Item>\n\t<Item Name=\"CommonName\" Type=\"String\"></Item>\n\t<Item
        Name=\"TaxId\" Type=\"Integer\">382522</Item>\n\t<Item Name=\"AkaTaxId\" Type=\"Integer\">0</Item>\n\t<Item
        Name=\"Genus\" Type=\"String\">Helianthus</Item>\n\t<Item Name=\"Species\"
        Type=\"String\">strumosus</Item>\n\t<Item Name=\"Subsp\" Type=\"String\"></Item>\n\t<Item
        Name=\"ModificationDate\" Type=\"Date\">2016/08/18 00:00</Item>\n</DocSum>\n\n<DocSum>\n\t<Id>382521</Id>\n\t<Item
        Name=\"Status\" Type=\"String\">active</Item>\n\t<Item Name=\"Rank\" Type=\"String\">species</Item>\n\t<Item
        Name=\"Division\" Type=\"String\">eudicots</Item>\n\t<Item Name=\"ScientificName\"
        Type=\"String\">Helianthus pauciflorus</Item>\n\t<Item Name=\"CommonName\"
        Type=\"String\"></Item>\n\t<Item Name=\"TaxId\" Type=\"Integer\">382521</Item>\n\t<Item
        Name=\"AkaTaxId\" Type=\"Integer\">0</Item>\n\t<Item Name=\"Genus\" Type=\"String\">Helianthus</Item>\n\t<Item
        Name=\"Species\" Type=\"String\">pauciflorus</Item>\n\t<Item Name=\"Subsp\"
        Type=\"String\"></Item>\n\t<Item Name=\"ModificationDate\" Type=\"Date\">2015/07/28
        00:00</Item>\n</DocSum>\n\n<DocSum>\n\t<Id>382520</Id>\n\t<Item Name=\"Status\"
        Type=\"String\">active</Item>\n\t<Item Name=\"Rank\" Type=\"String\">species</Item>\n\t<Item
        Name=\"Division\" Type=\"String\">eudicots</Item>\n\t<Item Name=\"ScientificName\"
        Type=\"String\">Helianthus grandiflorus</Item>\n\t<Item Name=\"CommonName\"
        Type=\"String\"></Item>\n\t<Item Name=\"TaxId\" Type=\"Integer\">382520</Item>\n\t<Item
        Name=\"AkaTaxId\" Type=\"Integer\">0</Item>\n\t<Item Name=\"Genus\" Type=\"String\">Helianthus</Item>\n\t<Item
        Name=\"Species\" Type=\"String\">grandiflorus</Item>\n\t<Item Name=\"Subsp\"
        Type=\"String\"></Item>\n\t<Item Name=\"ModificationDate\" Type=\"Date\">2007/04/16
        00:00</Item>\n</DocSum>\n\n<DocSum>\n\t<Id>382519</Id>\n\t<Item Name=\"Status\"
        Type=\"String\">active</Item>\n\t<Item Name=\"Rank\" Type=\"String\">species</Item>\n\t<Item
        Name=\"Division\" Type=\"String\">eudicots</Item>\n\t<Item Name=\"ScientificName\"
        Type=\"String\">Helianthus californicus</Item>\n\t<Item Name=\"CommonName\"
        Type=\"String\"></Item>\n\t<Item Name=\"TaxId\" Type=\"Integer\">382519</Item>\n\t<Item
        Name=\"AkaTaxId\" Type=\"Integer\">0</Item>\n\t<Item Name=\"Genus\" Type=\"String\">Helianthus</Item>\n\t<Item
        Name=\"Species\" Type=\"String\">californicus</Item>\n\t<Item Name=\"Subsp\"
        Type=\"String\"></Item>\n\t<Item Name=\"ModificationDate\" Type=\"Date\">2016/08/18
        00:00</Item>\n</DocSum>\n\n<DocSum>\n\t<Id>193314</Id>\n\t<Item Name=\"Status\"
        Type=\"String\">active</Item>\n\t<Item Name=\"Rank\" Type=\"String\">species</Item>\n\t<Item
        Name=\"Division\" Type=\"String\">eudicots</Item>\n\t<Item Name=\"ScientificName\"
        Type=\"String\">Helianthus annuus x Helianthus debilis subsp. debilis</Item>\n\t<Item
        Name=\"CommonName\" Type=\"String\"></Item>\n\t<Item Name=\"TaxId\" Type=\"Integer\">193314</Item>\n\t<Item
        Name=\"AkaTaxId\" Type=\"Integer\">0</Item>\n\t<Item Name=\"Genus\" Type=\"String\"></Item>\n\t<Item
        Name=\"Species\" Type=\"String\"></Item>\n\t<Item Name=\"Subsp\" Type=\"String\"></Item>\n\t<Item
        Name=\"ModificationDate\" Type=\"Date\">2005/01/19 00:00</Item>\n</DocSum>\n\n<DocSum>\n\t<Id>187455</Id>\n\t<Item
        Name=\"Status\" Type=\"String\">active</Item>\n\t<Item Name=\"Rank\" Type=\"String\">species</Item>\n\t<Item
        Name=\"Division\" Type=\"String\">eudicots</Item>\n\t<Item Name=\"ScientificName\"
        Type=\"String\">Helianthus annuus x Helianthus argophyllus</Item>\n\t<Item
        Name=\"CommonName\" Type=\"String\"></Item>\n\t<Item Name=\"TaxId\" Type=\"Integer\">187455</Item>\n\t<Item
        Name=\"AkaTaxId\" Type=\"Integer\">0</Item>\n\t<Item Name=\"Genus\" Type=\"String\"></Item>\n\t<Item
        Name=\"Species\" Type=\"String\"></Item>\n\t<Item Name=\"Subsp\" Type=\"String\"></Item>\n\t<Item
        Name=\"ModificationDate\" Type=\"Date\">2005/01/19 00:00</Item>\n</DocSum>\n\n<DocSum>\n\t<Id>140109</Id>\n\t<Item
        Name=\"Status\" Type=\"String\">active</Item>\n\t<Item Name=\"Rank\" Type=\"String\">species</Item>\n\t<Item
        Name=\"Division\" Type=\"String\">eudicots</Item>\n\t<Item Name=\"ScientificName\"
        Type=\"String\">Helianthus verticillatus</Item>\n\t<Item Name=\"CommonName\"
        Type=\"String\"></Item>\n\t<Item Name=\"TaxId\" Type=\"Integer\">140109</Item>\n\t<Item
        Name=\"AkaTaxId\" Type=\"Integer\">0</Item>\n\t<Item Name=\"Genus\" Type=\"String\">Helianthus</Item>\n\t<Item
        Name=\"Species\" Type=\"String\">verticillatus</Item>\n\t<Item Name=\"Subsp\"
        Type=\"String\"></Item>\n\t<Item Name=\"ModificationDate\" Type=\"Date\">2016/08/18
        00:00</Item>\n</DocSum>\n\n<DocSum>\n\t<Id>73313</Id>\n\t<Item Name=\"Status\"
        Type=\"String\">active</Item>\n\t<Item Name=\"Rank\" Type=\"String\">species</Item>\n\t<Item
        Name=\"Division\" Type=\"String\">eudicots</Item>\n\t<Item Name=\"ScientificName\"
        Type=\"String\">Helianthus smithii</Item>\n\t<Item Name=\"CommonName\" Type=\"String\"></Item>\n\t<Item
        Name=\"TaxId\" Type=\"Integer\">73313</Item>\n\t<Item Name=\"AkaTaxId\" Type=\"Integer\">0</Item>\n\t<Item
        Name=\"Genus\" Type=\"String\">Helianthus</Item>\n\t<Item Name=\"Species\"
        Type=\"String\">smithii</Item>\n\t<Item Name=\"Subsp\" Type=\"String\"></Item>\n\t<Item
        Name=\"ModificationDate\" Type=\"Date\">2016/08/18 00:00</Item>\n</DocSum>\n\n<DocSum>\n\t<Id>73312</Id>\n\t<Item
        Name=\"Status\" Type=\"String\">active</Item>\n\t<Item Name=\"Rank\" Type=\"String\">species</Item>\n\t<Item
        Name=\"Division\" Type=\"String\">eudicots</Item>\n\t<Item Name=\"ScientificName\"
        Type=\"String\">Helianthus silphioides</Item>\n\t<Item Name=\"CommonName\"
        Type=\"String\"></Item>\n\t<Item Name=\"TaxId\" Type=\"Integer\">73312</Item>\n\t<Item
        Name=\"AkaTaxId\" Type=\"Integer\">0</Item>\n\t<Item Name=\"Genus\" Type=\"String\">Helianthus</Item>\n\t<Item
        Name=\"Species\" Type=\"String\">silphioides</Item>\n\t<Item Name=\"Subsp\"
        Type=\"String\"></Item>\n\t<Item Name=\"ModificationDate\" Type=\"Date\">2016/08/18
        00:00</Item>\n</DocSum>\n\n<DocSum>\n\t<Id>73311</Id>\n\t<Item Name=\"Status\"
        Type=\"String\">active</Item>\n\t<Item Name=\"Rank\" Type=\"String\">species</Item>\n\t<Item
        Name=\"Division\" Type=\"String\">eudicots</Item>\n\t<Item Name=\"ScientificName\"
        Type=\"String\">Helianthus schweinitzii</Item>\n\t<Item Name=\"CommonName\"
        Type=\"String\"></Item>\n\t<Item Name=\"TaxId\" Type=\"Integer\">73311</Item>\n\t<Item
        Name=\"AkaTaxId\" Type=\"Integer\">0</Item>\n\t<Item Name=\"Genus\" Type=\"String\">Helianthus</Item>\n\t<Item
        Name=\"Species\" Type=\"String\">schweinitzii</Item>\n\t<Item Name=\"Subsp\"
        Type=\"String\"></Item>\n\t<Item Name=\"ModificationDate\" Type=\"Date\">2016/08/18
        00:00</Item>\n</DocSum>\n\n<DocSum>\n\t<Id>73310</Id>\n\t<Item Name=\"Status\"
        Type=\"String\">active</Item>\n\t<Item Name=\"Rank\" Type=\"String\">species</Item>\n\t<Item
        Name=\"Division\" Type=\"String\">eudicots</Item>\n\t<Item Name=\"ScientificName\"
        Type=\"String\">Helianthus salicifolius</Item>\n\t<Item Name=\"CommonName\"
        Type=\"String\"></Item>\n\t<Item Name=\"TaxId\" Type=\"Integer\">73310</Item>\n\t<Item
        Name=\"AkaTaxId\" Type=\"Integer\">0</Item>\n\t<Item Name=\"Genus\" Type=\"String\">Helianthus</Item>\n\t<Item
        Name=\"Species\" Type=\"String\">salicifolius</Item>\n\t<Item Name=\"Subsp\"
        Type=\"String\"></Item>\n\t<Item Name=\"ModificationDate\" Type=\"Date\">2016/08/18
        00:00</Item>\n</DocSum>\n\n<DocSum>\n\t<Id>73309</Id>\n\t<Item Name=\"Status\"
        Type=\"String\">active</Item>\n\t<Item Name=\"Rank\" Type=\"String\">species</Item>\n\t<Item
        Name=\"Division\" Type=\"String\">eudicots</Item>\n\t<Item Name=\"ScientificName\"
        Type=\"String\">Helianthus resinosus</Item>\n\t<Item Name=\"CommonName\" Type=\"String\"></Item>\n\t<Item
        Name=\"TaxId\" Type=\"Integer\">73309</Item>\n\t<Item Name=\"AkaTaxId\" Type=\"Integer\">0</Item>\n\t<Item
        Name=\"Genus\" Type=\"String\">Helianthus</Item>\n\t<Item Name=\"Species\"
        Type=\"String\">resinosus</Item>\n\t<Item Name=\"Subsp\" Type=\"String\"></Item>\n\t<Item
        Name=\"ModificationDate\" Type=\"Date\">2016/08/18 00:00</Item>\n</DocSum>\n\n<DocSum>\n\t<Id>73308</Id>\n\t<Item
        Name=\"Status\" Type=\"String\">active</Item>\n\t<Item Name=\"Rank\" Type=\"String\">species</Item>\n\t<Item
        Name=\"Division\" Type=\"String\">eudicots</Item>\n\t<Item Name=\"ScientificName\"
        Type=\"String\">Helianthus radula</Item>\n\t<Item Name=\"CommonName\" Type=\"String\"></Item>\n\t<Item
        Name=\"TaxId\" Type=\"Integer\">73308</Item>\n\t<Item Name=\"AkaTaxId\" Type=\"Integer\">0</Item>\n\t<Item
        Name=\"Genus\" Type=\"String\">Helianthus</Item>\n\t<Item Name=\"Species\"
        Type=\"String\">radula</Item>\n\t<Item Name=\"Subsp\" Type=\"String\"></Item>\n\t<Item
        Name=\"ModificationDate\" Type=\"Date\">2016/08/18 00:00</Item>\n</DocSum>\n\n<DocSum>\n\t<Id>73307</Id>\n\t<Item
        Name=\"Status\" Type=\"String\">active</Item>\n\t<Item Name=\"Rank\" Type=\"String\">species</Item>\n\t<Item
        Name=\"Division\" Type=\"String\">eudicots</Item>\n\t<Item Name=\"ScientificName\"
        Type=\"String\">Helianthus pumilus</Item>\n\t<Item Name=\"CommonName\" Type=\"String\"></Item>\n\t<Item
        Name=\"TaxId\" Type=\"Integer\">73307</Item>\n\t<Item Name=\"AkaTaxId\" Type=\"Integer\">0</Item>\n\t<Item
        Name=\"Genus\" Type=\"String\">Helianthus</Item>\n\t<Item Name=\"Species\"
        Type=\"String\">pumilus</Item>\n\t<Item Name=\"Subsp\" Type=\"String\"></Item>\n\t<Item
        Name=\"ModificationDate\" Type=\"Date\">2016/08/18 00:00</Item>\n</DocSum>\n\n<DocSum>\n\t<Id>73306</Id>\n\t<Item
        Name=\"Status\" Type=\"String\">active</Item>\n\t<Item Name=\"Rank\" Type=\"String\">species</Item>\n\t<Item
        Name=\"Division\" Type=\"String\">eudicots</Item>\n\t<Item Name=\"ScientificName\"
        Type=\"String\">Helianthus praecox</Item>\n\t<Item Name=\"CommonName\" Type=\"String\"></Item>\n\t<Item
        Name=\"TaxId\" Type=\"Integer\">73306</Item>\n\t<Item Name=\"AkaTaxId\" Type=\"Integer\">0</Item>\n\t<Item
        Name=\"Genus\" Type=\"String\">Helianthus</Item>\n\t<Item Name=\"Species\"
        Type=\"String\">praecox</Item>\n\t<Item Name=\"Subsp\" Type=\"String\"></Item>\n\t<Item
        Name=\"ModificationDate\" Type=\"Date\">2016/08/18 00:00</Item>\n</DocSum>\n\n<DocSum>\n\t<Id>73305</Id>\n\t<Item
        Name=\"Status\" Type=\"String\">active</Item>\n\t<Item Name=\"Rank\" Type=\"String\">species</Item>\n\t<Item
        Name=\"Division\" Type=\"String\">eudicots</Item>\n\t<Item Name=\"ScientificName\"
        Type=\"String\">Helianthus porteri</Item>\n\t<Item Name=\"CommonName\" Type=\"String\"></Item>\n\t<Item
        Name=\"TaxId\" Type=\"Integer\">73305</Item>\n\t<Item Name=\"AkaTaxId\" Type=\"Integer\">0</Item>\n\t<Item
        Name=\"Genus\" Type=\"String\">Helianthus</Item>\n\t<Item Name=\"Species\"
        Type=\"String\">porteri</Item>\n\t<Item Name=\"Subsp\" Type=\"String\"></Item>\n\t<Item
        Name=\"ModificationDate\" Type=\"Date\">2016/08/18 00:00</Item>\n</DocSum>\n\n<DocSum>\n\t<Id>73304</Id>\n\t<Item
        Name=\"Status\" Type=\"String\">active</Item>\n\t<Item Name=\"Rank\" Type=\"String\">species</Item>\n\t<Item
        Name=\"Division\" Type=\"String\">eudicots</Item>\n\t<Item Name=\"ScientificName\"
        Type=\"String\">Helianthus paradoxus</Item>\n\t<Item Name=\"CommonName\" Type=\"String\"></Item>\n\t<Item
        Name=\"TaxId\" Type=\"Integer\">73304</Item>\n\t<Item Name=\"AkaTaxId\" Type=\"Integer\">0</Item>\n\t<Item
        Name=\"Genus\" Type=\"String\">Helianthus</Item>\n\t<Item Name=\"Species\"
        Type=\"String\">paradoxus</Item>\n\t<Item Name=\"Subsp\" Type=\"String\"></Item>\n\t<Item
        Name=\"ModificationDate\" Type=\"Date\">2016/08/18 00:00</Item>\n</DocSum>\n\n<DocSum>\n\t<Id>73303</Id>\n\t<Item
        Name=\"Status\" Type=\"String\">active</Item>\n\t<Item Name=\"Rank\" Type=\"String\">species</Item>\n\t<Item
        Name=\"Division\" Type=\"String\">eudicots</Item>\n\t<Item Name=\"ScientificName\"
        Type=\"String\">Helianthus occidentalis</Item>\n\t<Item Name=\"CommonName\"
        Type=\"String\"></Item>\n\t<Item Name=\"TaxId\" Type=\"Integer\">73303</Item>\n\t<Item
        Name=\"AkaTaxId\" Type=\"Integer\">0</Item>\n\t<Item Name=\"Genus\" Type=\"String\">Helianthus</Item>\n\t<Item
        Name=\"Species\" Type=\"String\">occidentalis</Item>\n\t<Item Name=\"Subsp\"
        Type=\"String\"></Item>\n\t<Item Name=\"ModificationDate\" Type=\"Date\">2016/08/18
        00:00</Item>\n</DocSum>\n\n<DocSum>\n\t<Id>73302</Id>\n\t<Item Name=\"Status\"
        Type=\"String\">active</Item>\n\t<Item Name=\"Rank\" Type=\"String\">species</Item>\n\t<Item
        Name=\"Division\" Type=\"String\">eudicots</Item>\n\t<Item Name=\"ScientificName\"
        Type=\"String\">Helianthus nuttallii</Item>\n\t<Item Name=\"CommonName\" Type=\"String\"></Item>\n\t<Item
        Name=\"TaxId\" Type=\"Integer\">73302</Item>\n\t<Item Name=\"AkaTaxId\" Type=\"Integer\">0</Item>\n\t<Item
        Name=\"Genus\" Type=\"String\">Helianthus</Item>\n\t<Item Name=\"Species\"
        Type=\"String\">nuttallii</Item>\n\t<Item Name=\"Subsp\" Type=\"String\"></Item>\n\t<Item
        Name=\"ModificationDate\" Type=\"Date\">2015/07/28 00:00</Item>\n</DocSum>\n\n<DocSum>\n\t<Id>73301</Id>\n\t<Item
        Name=\"Status\" Type=\"String\">active</Item>\n\t<Item Name=\"Rank\" Type=\"String\">species</Item>\n\t<Item
        Name=\"Division\" Type=\"String\">eudicots</Item>\n\t<Item Name=\"ScientificName\"
        Type=\"String\">Helianthus niveus</Item>\n\t<Item Name=\"CommonName\" Type=\"String\"></Item>\n\t<Item
        Name=\"TaxId\" Type=\"Integer\">73301</Item>\n\t<Item Name=\"AkaTaxId\" Type=\"Integer\">0</Item>\n\t<Item
        Name=\"Genus\" Type=\"String\">Helianthus</Item>\n\t<Item Name=\"Species\"
        Type=\"String\">niveus</Item>\n\t<Item Name=\"Subsp\" Type=\"String\"></Item>\n\t<Item
        Name=\"ModificationDate\" Type=\"Date\">2016/08/18 00:00</Item>\n</DocSum>\n\n<DocSum>\n\t<Id>73300</Id>\n\t<Item
        Name=\"Status\" Type=\"String\">active</Item>\n\t<Item Name=\"Rank\" Type=\"String\">species</Item>\n\t<Item
        Name=\"Division\" Type=\"String\">eudicots</Item>\n\t<Item Name=\"ScientificName\"
        Type=\"String\">Helianthus neglectus</Item>\n\t<Item Name=\"CommonName\" Type=\"String\"></Item>\n\t<Item
        Name=\"TaxId\" Type=\"Integer\">73300</Item>\n\t<Item Name=\"AkaTaxId\" Type=\"Integer\">0</Item>\n\t<Item
        Name=\"Genus\" Type=\"String\">Helianthus</Item>\n\t<Item Name=\"Species\"
        Type=\"String\">neglectus</Item>\n\t<Item Name=\"Subsp\" Type=\"String\"></Item>\n\t<Item
        Name=\"ModificationDate\" Type=\"Date\">2016/08/18 00:00</Item>\n</DocSum>\n\n<DocSum>\n\t<Id>73299</Id>\n\t<Item
        Name=\"Status\" Type=\"String\">active</Item>\n\t<Item Name=\"Rank\" Type=\"String\">species</Item>\n\t<Item
        Name=\"Division\" Type=\"String\">eudicots</Item>\n\t<Item Name=\"ScientificName\"
        Type=\"String\">Helianthus mollis</Item>\n\t<Item Name=\"CommonName\" Type=\"String\"></Item>\n\t<Item
        Name=\"TaxId\" Type=\"Integer\">73299</Item>\n\t<Item Name=\"AkaTaxId\" Type=\"Integer\">0</Item>\n\t<Item
        Name=\"Genus\" Type=\"String\">Helianthus</Item>\n\t<Item Name=\"Species\"
        Type=\"String\">mollis</Item>\n\t<Item Name=\"Subsp\" Type=\"String\"></Item>\n\t<Item
        Name=\"ModificationDate\" Type=\"Date\">2016/08/18 00:00</Item>\n</DocSum>\n\n<DocSum>\n\t<Id>73298</Id>\n\t<Item
        Name=\"Status\" Type=\"String\">active</Item>\n\t<Item Name=\"Rank\" Type=\"String\">species</Item>\n\t<Item
        Name=\"Division\" Type=\"String\">eudicots</Item>\n\t<Item Name=\"ScientificName\"
        Type=\"String\">Helianthus microcephalus</Item>\n\t<Item Name=\"CommonName\"
        Type=\"String\"></Item>\n\t<Item Name=\"TaxId\" Type=\"Integer\">73298</Item>\n\t<Item
        Name=\"AkaTaxId\" Type=\"Integer\">0</Item>\n\t<Item Name=\"Genus\" Type=\"String\">Helianthus</Item>\n\t<Item
        Name=\"Species\" Type=\"String\">microcephalus</Item>\n\t<Item Name=\"Subsp\"
        Type=\"String\"></Item>\n\t<Item Name=\"ModificationDate\" Type=\"Date\">2016/08/18
        00:00</Item>\n</DocSum>\n\n<DocSum>\n\t<Id>73297</Id>\n\t<Item Name=\"Status\"
        Type=\"String\">active</Item>\n\t<Item Name=\"Rank\" Type=\"String\">species</Item>\n\t<Item
        Name=\"Division\" Type=\"String\">eudicots</Item>\n\t<Item Name=\"ScientificName\"
        Type=\"String\">Helianthus maximiliani</Item>\n\t<Item Name=\"CommonName\"
        Type=\"String\"></Item>\n\t<Item Name=\"TaxId\" Type=\"Integer\">73297</Item>\n\t<Item
        Name=\"AkaTaxId\" Type=\"Integer\">0</Item>\n\t<Item Name=\"Genus\" Type=\"String\">Helianthus</Item>\n\t<Item
        Name=\"Species\" Type=\"String\">maximiliani</Item>\n\t<Item Name=\"Subsp\"
        Type=\"String\"></Item>\n\t<Item Name=\"ModificationDate\" Type=\"Date\">2018/11/23
        00:00</Item>\n</DocSum>\n\n<DocSum>\n\t<Id>73296</Id>\n\t<Item Name=\"Status\"
        Type=\"String\">active</Item>\n\t<Item Name=\"Rank\" Type=\"String\">species</Item>\n\t<Item
        Name=\"Division\" Type=\"String\">eudicots</Item>\n\t<Item Name=\"ScientificName\"
        Type=\"String\">Helianthus longifolius</Item>\n\t<Item Name=\"CommonName\"
        Type=\"String\"></Item>\n\t<Item Name=\"TaxId\" Type=\"Integer\">73296</Item>\n\t<Item
        Name=\"AkaTaxId\" Type=\"Integer\">0</Item>\n\t<Item Name=\"Genus\" Type=\"String\">Helianthus</Item>\n\t<Item
        Name=\"Species\" Type=\"String\">longifolius</Item>\n\t<Item Name=\"Subsp\"
        Type=\"String\"></Item>\n\t<Item Name=\"ModificationDate\" Type=\"Date\">2016/08/18
        00:00</Item>\n</DocSum>\n\n<DocSum>\n\t<Id>73295</Id>\n\t<Item Name=\"Status\"
        Type=\"String\">active</Item>\n\t<Item Name=\"Rank\" Type=\"String\">species</Item>\n\t<Item
        Name=\"Division\" Type=\"String\">eudicots</Item>\n\t<Item Name=\"ScientificName\"
        Type=\"String\">Helianthus laevigatus</Item>\n\t<Item Name=\"CommonName\"
        Type=\"String\"></Item>\n\t<Item Name=\"TaxId\" Type=\"Integer\">73295</Item>\n\t<Item
        Name=\"AkaTaxId\" Type=\"Integer\">0</Item>\n\t<Item Name=\"Genus\" Type=\"String\">Helianthus</Item>\n\t<Item
        Name=\"Species\" Type=\"String\">laevigatus</Item>\n\t<Item Name=\"Subsp\"
        Type=\"String\"></Item>\n\t<Item Name=\"ModificationDate\" Type=\"Date\">2016/08/18
        00:00</Item>\n</DocSum>\n\n<DocSum>\n\t<Id>73294</Id>\n\t<Item Name=\"Status\"
        Type=\"String\">active</Item>\n\t<Item Name=\"Rank\" Type=\"String\">species</Item>\n\t<Item
        Name=\"Division\" Type=\"String\">eudicots</Item>\n\t<Item Name=\"ScientificName\"
        Type=\"String\">Helianthus laciniatus</Item>\n\t<Item Name=\"CommonName\"
        Type=\"String\"></Item>\n\t<Item Name=\"TaxId\" Type=\"Integer\">73294</Item>\n\t<Item
        Name=\"AkaTaxId\" Type=\"Integer\">0</Item>\n\t<Item Name=\"Genus\" Type=\"String\">Helianthus</Item>\n\t<Item
        Name=\"Species\" Type=\"String\">laciniatus</Item>\n\t<Item Name=\"Subsp\"
        Type=\"String\"></Item>\n\t<Item Name=\"ModificationDate\" Type=\"Date\">2016/08/18
        00:00</Item>\n</DocSum>\n\n<DocSum>\n\t<Id>73293</Id>\n\t<Item Name=\"Status\"
        Type=\"String\">active</Item>\n\t<Item Name=\"Rank\" Type=\"String\">species</Item>\n\t<Item
        Name=\"Division\" Type=\"String\">eudicots</Item>\n\t<Item Name=\"ScientificName\"
        Type=\"String\">Helianthus hirsutus</Item>\n\t<Item Name=\"CommonName\" Type=\"String\"></Item>\n\t<Item
        Name=\"TaxId\" Type=\"Integer\">73293</Item>\n\t<Item Name=\"AkaTaxId\" Type=\"Integer\">0</Item>\n\t<Item
        Name=\"Genus\" Type=\"String\">Helianthus</Item>\n\t<Item Name=\"Species\"
        Type=\"String\">hirsutus</Item>\n\t<Item Name=\"Subsp\" Type=\"String\"></Item>\n\t<Item
        Name=\"ModificationDate\" Type=\"Date\">2016/08/18 00:00</Item>\n</DocSum>\n\n<DocSum>\n\t<Id>73292</Id>\n\t<Item
        Name=\"Status\" Type=\"String\">active</Item>\n\t<Item Name=\"Rank\" Type=\"String\">species</Item>\n\t<Item
        Name=\"Division\" Type=\"String\">eudicots</Item>\n\t<Item Name=\"ScientificName\"
        Type=\"String\">Helianthus heterophyllus</Item>\n\t<Item Name=\"CommonName\"
        Type=\"String\"></Item>\n\t<Item Name=\"TaxId\" Type=\"Integer\">73292</Item>\n\t<Item
        Name=\"AkaTaxId\" Type=\"Integer\">0</Item>\n\t<Item Name=\"Genus\" Type=\"String\">Helianthus</Item>\n\t<Item
        Name=\"Species\" Type=\"String\">heterophyllus</Item>\n\t<Item Name=\"Subsp\"
        Type=\"String\"></Item>\n\t<Item Name=\"ModificationDate\" Type=\"Date\">2016/08/18
        00:00</Item>\n</DocSum>\n\n<DocSum>\n\t<Id>73291</Id>\n\t<Item Name=\"Status\"
        Type=\"String\">active</Item>\n\t<Item Name=\"Rank\" Type=\"String\">species</Item>\n\t<Item
        Name=\"Division\" Type=\"String\">eudicots</Item>\n\t<Item Name=\"ScientificName\"
        Type=\"String\">Helianthus grosseserratus</Item>\n\t<Item Name=\"CommonName\"
        Type=\"String\"></Item>\n\t<Item Name=\"TaxId\" Type=\"Integer\">73291</Item>\n\t<Item
        Name=\"AkaTaxId\" Type=\"Integer\">0</Item>\n\t<Item Name=\"Genus\" Type=\"String\">Helianthus</Item>\n\t<Item
        Name=\"Species\" Type=\"String\">grosseserratus</Item>\n\t<Item Name=\"Subsp\"
        Type=\"String\"></Item>\n\t<Item Name=\"ModificationDate\" Type=\"Date\">2016/08/18
        00:00</Item>\n</DocSum>\n\n<DocSum>\n\t<Id>73290</Id>\n\t<Item Name=\"Status\"
        Type=\"String\">active</Item>\n\t<Item Name=\"Rank\" Type=\"String\">species</Item>\n\t<Item
        Name=\"Division\" Type=\"String\">eudicots</Item>\n\t<Item Name=\"ScientificName\"
        Type=\"String\">Helianthus gracilentus</Item>\n\t<Item Name=\"CommonName\"
        Type=\"String\"></Item>\n\t<Item Name=\"TaxId\" Type=\"Integer\">73290</Item>\n\t<Item
        Name=\"AkaTaxId\" Type=\"Integer\">0</Item>\n\t<Item Name=\"Genus\" Type=\"String\">Helianthus</Item>\n\t<Item
        Name=\"Species\" Type=\"String\">gracilentus</Item>\n\t<Item Name=\"Subsp\"
        Type=\"String\"></Item>\n\t<Item Name=\"ModificationDate\" Type=\"Date\">2016/08/18
        00:00</Item>\n</DocSum>\n\n<DocSum>\n\t<Id>73289</Id>\n\t<Item Name=\"Status\"
        Type=\"String\">active</Item>\n\t<Item Name=\"Rank\" Type=\"String\">species</Item>\n\t<Item
        Name=\"Division\" Type=\"String\">eudicots</Item>\n\t<Item Name=\"ScientificName\"
        Type=\"String\">Helianthus glaucophyllus</Item>\n\t<Item Name=\"CommonName\"
        Type=\"String\"></Item>\n\t<Item Name=\"TaxId\" Type=\"Integer\">73289</Item>\n\t<Item
        Name=\"AkaTaxId\" Type=\"Integer\">0</Item>\n\t<Item Name=\"Genus\" Type=\"String\">Helianthus</Item>\n\t<Item
        Name=\"Species\" Type=\"String\">glaucophyllus</Item>\n\t<Item Name=\"Subsp\"
        Type=\"String\"></Item>\n\t<Item Name=\"ModificationDate\" Type=\"Date\">2016/08/18
        00:00</Item>\n</DocSum>\n\n<DocSum>\n\t<Id>73288</Id>\n\t<Item Name=\"Status\"
        Type=\"String\">active</Item>\n\t<Item Name=\"Rank\" Type=\"String\">species</Item>\n\t<Item
        Name=\"Division\" Type=\"String\">eudicots</Item>\n\t<Item Name=\"ScientificName\"
        Type=\"String\">Helianthus giganteus</Item>\n\t<Item Name=\"CommonName\" Type=\"String\"></Item>\n\t<Item
        Name=\"TaxId\" Type=\"Integer\">73288</Item>\n\t<Item Name=\"AkaTaxId\" Type=\"Integer\">0</Item>\n\t<Item
        Name=\"Genus\" Type=\"String\">Helianthus</Item>\n\t<Item Name=\"Species\"
        Type=\"String\">giganteus</Item>\n\t<Item Name=\"Subsp\" Type=\"String\"></Item>\n\t<Item
        Name=\"ModificationDate\" Type=\"Date\">2016/08/18 00:00</Item>\n</DocSum>\n\n<DocSum>\n\t<Id>73287</Id>\n\t<Item
        Name=\"Status\" Type=\"String\">active</Item>\n\t<Item Name=\"Rank\" Type=\"String\">species</Item>\n\t<Item
        Name=\"Division\" Type=\"String\">eudicots</Item>\n\t<Item Name=\"ScientificName\"
        Type=\"String\">Helianthus floridanus</Item>\n\t<Item Name=\"CommonName\"
        Type=\"String\"></Item>\n\t<Item Name=\"TaxId\" Type=\"Integer\">73287</Item>\n\t<Item
        Name=\"AkaTaxId\" Type=\"Integer\">0</Item>\n\t<Item Name=\"Genus\" Type=\"String\">Helianthus</Item>\n\t<Item
        Name=\"Species\" Type=\"String\">floridanus</Item>\n\t<Item Name=\"Subsp\"
        Type=\"String\"></Item>\n\t<Item Name=\"ModificationDate\" Type=\"Date\">2016/08/18
        00:00</Item>\n</DocSum>\n\n<DocSum>\n\t<Id>73286</Id>\n\t<Item Name=\"Status\"
        Type=\"String\">active</Item>\n\t<Item Name=\"Rank\" Type=\"String\">species</Item>\n\t<Item
        Name=\"Division\" Type=\"String\">eudicots</Item>\n\t<Item Name=\"ScientificName\"
        Type=\"String\">Helianthus eggertii</Item>\n\t<Item Name=\"CommonName\" Type=\"String\"></Item>\n\t<Item
        Name=\"TaxId\" Type=\"Integer\">73286</Item>\n\t<Item Name=\"AkaTaxId\" Type=\"Integer\">0</Item>\n\t<Item
        Name=\"Genus\" Type=\"String\">Helianthus</Item>\n\t<Item Name=\"Species\"
        Type=\"String\">eggertii</Item>\n\t<Item Name=\"Subsp\" Type=\"String\"></Item>\n\t<Item
        Name=\"ModificationDate\" Type=\"Date\">2016/08/18 00:00</Item>\n</DocSum>\n\n<DocSum>\n\t<Id>73285</Id>\n\t<Item
        Name=\"Status\" Type=\"String\">active</Item>\n\t<Item Name=\"Rank\" Type=\"String\">species</Item>\n\t<Item
        Name=\"Division\" Type=\"String\">eudicots</Item>\n\t<Item Name=\"ScientificName\"
        Type=\"String\">Helianthus divaricatus</Item>\n\t<Item Name=\"CommonName\"
        Type=\"String\"></Item>\n\t<Item Name=\"TaxId\" Type=\"Integer\">73285</Item>\n\t<Item
        Name=\"AkaTaxId\" Type=\"Integer\">0</Item>\n\t<Item Name=\"Genus\" Type=\"String\">Helianthus</Item>\n\t<Item
        Name=\"Species\" Type=\"String\">divaricatus</Item>\n\t<Item Name=\"Subsp\"
        Type=\"String\"></Item>\n\t<Item Name=\"ModificationDate\" Type=\"Date\">2016/08/18
        00:00</Item>\n</DocSum>\n\n<DocSum>\n\t<Id>73284</Id>\n\t<Item Name=\"Status\"
        Type=\"String\">active</Item>\n\t<Item Name=\"Rank\" Type=\"String\">species</Item>\n\t<Item
        Name=\"Division\" Type=\"String\">eudicots</Item>\n\t<Item Name=\"ScientificName\"
        Type=\"String\">Helianthus deserticola</Item>\n\t<Item Name=\"CommonName\"
        Type=\"String\"></Item>\n\t<Item Name=\"TaxId\" Type=\"Integer\">73284</Item>\n\t<Item
        Name=\"AkaTaxId\" Type=\"Integer\">0</Item>\n\t<Item Name=\"Genus\" Type=\"String\">Helianthus</Item>\n\t<Item
        Name=\"Species\" Type=\"String\">deserticola</Item>\n\t<Item Name=\"Subsp\"
        Type=\"String\"></Item>\n\t<Item Name=\"ModificationDate\" Type=\"Date\">2016/08/18
        00:00</Item>\n</DocSum>\n\n<DocSum>\n\t<Id>73283</Id>\n\t<Item Name=\"Status\"
        Type=\"String\">active</Item>\n\t<Item Name=\"Rank\" Type=\"String\">species</Item>\n\t<Item
        Name=\"Division\" Type=\"String\">eudicots</Item>\n\t<Item Name=\"ScientificName\"
        Type=\"String\">Helianthus decapetalus</Item>\n\t<Item Name=\"CommonName\"
        Type=\"String\"></Item>\n\t<Item Name=\"TaxId\" Type=\"Integer\">73283</Item>\n\t<Item
        Name=\"AkaTaxId\" Type=\"Integer\">0</Item>\n\t<Item Name=\"Genus\" Type=\"String\">Helianthus</Item>\n\t<Item
        Name=\"Species\" Type=\"String\">decapetalus</Item>\n\t<Item Name=\"Subsp\"
        Type=\"String\"></Item>\n\t<Item Name=\"ModificationDate\" Type=\"Date\">2016/08/18
        00:00</Item>\n</DocSum>\n\n<DocSum>\n\t<Id>73282</Id>\n\t<Item Name=\"Status\"
        Type=\"String\">active</Item>\n\t<Item Name=\"Rank\" Type=\"String\">species</Item>\n\t<Item
        Name=\"Division\" Type=\"String\">eudicots</Item>\n\t<Item Name=\"ScientificName\"
        Type=\"String\">Helianthus debilis</Item>\n\t<Item Name=\"CommonName\" Type=\"String\">cucumberleaf
        sunflower</Item>\n\t<Item Name=\"TaxId\" Type=\"Integer\">73282</Item>\n\t<Item
        Name=\"AkaTaxId\" Type=\"Integer\">0</Item>\n\t<Item Name=\"Genus\" Type=\"String\">Helianthus</Item>\n\t<Item
        Name=\"Species\" Type=\"String\">debilis</Item>\n\t<Item Name=\"Subsp\" Type=\"String\"></Item>\n\t<Item
        Name=\"ModificationDate\" Type=\"Date\">2017/06/14 00:00</Item>\n</DocSum>\n\n<DocSum>\n\t<Id>73281</Id>\n\t<Item
        Name=\"Status\" Type=\"String\">active</Item>\n\t<Item Name=\"Rank\" Type=\"String\">species</Item>\n\t<Item
        Name=\"Division\" Type=\"String\">eudicots</Item>\n\t<Item Name=\"ScientificName\"
        Type=\"String\">Helianthus cusickii</Item>\n\t<Item Name=\"CommonName\" Type=\"String\"></Item>\n\t<Item
        Name=\"TaxId\" Type=\"Integer\">73281</Item>\n\t<Item Name=\"AkaTaxId\" Type=\"Integer\">0</Item>\n\t<Item
        Name=\"Genus\" Type=\"String\">Helianthus</Item>\n\t<Item Name=\"Species\"
        Type=\"String\">cusickii</Item>\n\t<Item Name=\"Subsp\" Type=\"String\"></Item>\n\t<Item
        Name=\"ModificationDate\" Type=\"Date\">2016/08/18 00:00</Item>\n</DocSum>\n\n<DocSum>\n\t<Id>73280</Id>\n\t<Item
        Name=\"Status\" Type=\"String\">active</Item>\n\t<Item Name=\"Rank\" Type=\"String\">species</Item>\n\t<Item
        Name=\"Division\" Type=\"String\">eudicots</Item>\n\t<Item Name=\"ScientificName\"
        Type=\"String\">Helianthus ciliaris</Item>\n\t<Item Name=\"CommonName\" Type=\"String\"></Item>\n\t<Item
        Name=\"TaxId\" Type=\"Integer\">73280</Item>\n\t<Item Name=\"AkaTaxId\" Type=\"Integer\">0</Item>\n\t<Item
        Name=\"Genus\" Type=\"String\">Helianthus</Item>\n\t<Item Name=\"Species\"
        Type=\"String\">ciliaris</Item>\n\t<Item Name=\"Subsp\" Type=\"String\"></Item>\n\t<Item
        Name=\"ModificationDate\" Type=\"Date\">2018/11/23 00:00</Item>\n</DocSum>\n\n<DocSum>\n\t<Id>73279</Id>\n\t<Item
        Name=\"Status\" Type=\"String\">active</Item>\n\t<Item Name=\"Rank\" Type=\"String\">species</Item>\n\t<Item
        Name=\"Division\" Type=\"String\">eudicots</Item>\n\t<Item Name=\"ScientificName\"
        Type=\"String\">Helianthus carnosus</Item>\n\t<Item Name=\"CommonName\" Type=\"String\"></Item>\n\t<Item
        Name=\"TaxId\" Type=\"Integer\">73279</Item>\n\t<Item Name=\"AkaTaxId\" Type=\"Integer\">0</Item>\n\t<Item
        Name=\"Genus\" Type=\"String\">Helianthus</Item>\n\t<Item Name=\"Species\"
        Type=\"String\">carnosus</Item>\n\t<Item Name=\"Subsp\" Type=\"String\"></Item>\n\t<Item
        Name=\"ModificationDate\" Type=\"Date\">2016/08/18 00:00</Item>\n</DocSum>\n\n<DocSum>\n\t<Id>73278</Id>\n\t<Item
        Name=\"Status\" Type=\"String\">active</Item>\n\t<Item Name=\"Rank\" Type=\"String\">species</Item>\n\t<Item
        Name=\"Division\" Type=\"String\">eudicots</Item>\n\t<Item Name=\"ScientificName\"
        Type=\"String\">Helianthus bolanderi</Item>\n\t<Item Name=\"CommonName\" Type=\"String\"></Item>\n\t<Item
        Name=\"TaxId\" Type=\"Integer\">73278</Item>\n\t<Item Name=\"AkaTaxId\" Type=\"Integer\">0</Item>\n\t<Item
        Name=\"Genus\" Type=\"String\">Helianthus</Item>\n\t<Item Name=\"Species\"
        Type=\"String\">bolanderi</Item>\n\t<Item Name=\"Subsp\" Type=\"String\"></Item>\n\t<Item
        Name=\"ModificationDate\" Type=\"Date\">2016/08/18 00:00</Item>\n</DocSum>\n\n<DocSum>\n\t<Id>73277</Id>\n\t<Item
        Name=\"Status\" Type=\"String\">active</Item>\n\t<Item Name=\"Rank\" Type=\"String\">species</Item>\n\t<Item
        Name=\"Division\" Type=\"String\">eudicots</Item>\n\t<Item Name=\"ScientificName\"
        Type=\"String\">Helianthus atrorubens</Item>\n\t<Item Name=\"CommonName\"
        Type=\"String\"></Item>\n\t<Item Name=\"TaxId\" Type=\"Integer\">73277</Item>\n\t<Item
        Name=\"AkaTaxId\" Type=\"Integer\">0</Item>\n\t<Item Name=\"Genus\" Type=\"String\">Helianthus</Item>\n\t<Item
        Name=\"Species\" Type=\"String\">atrorubens</Item>\n\t<Item Name=\"Subsp\"
        Type=\"String\"></Item>\n\t<Item Name=\"ModificationDate\" Type=\"Date\">2016/08/18
        00:00</Item>\n</DocSum>\n\n<DocSum>\n\t<Id>73276</Id>\n\t<Item Name=\"Status\"
        Type=\"String\">active</Item>\n\t<Item Name=\"Rank\" Type=\"String\">species</Item>\n\t<Item
        Name=\"Division\" Type=\"String\">eudicots</Item>\n\t<Item Name=\"ScientificName\"
        Type=\"String\">Helianthus arizonensis</Item>\n\t<Item Name=\"CommonName\"
        Type=\"String\"></Item>\n\t<Item Name=\"TaxId\" Type=\"Integer\">73276</Item>\n\t<Item
        Name=\"AkaTaxId\" Type=\"Integer\">0</Item>\n\t<Item Name=\"Genus\" Type=\"String\">Helianthus</Item>\n\t<Item
        Name=\"Species\" Type=\"String\">arizonensis</Item>\n\t<Item Name=\"Subsp\"
        Type=\"String\"></Item>\n\t<Item Name=\"ModificationDate\" Type=\"Date\">2016/08/18
        00:00</Item>\n</DocSum>\n\n<DocSum>\n\t<Id>73275</Id>\n\t<Item Name=\"Status\"
        Type=\"String\">active</Item>\n\t<Item Name=\"Rank\" Type=\"String\">species</Item>\n\t<Item
        Name=\"Division\" Type=\"String\">eudicots</Item>\n\t<Item Name=\"ScientificName\"
        Type=\"String\">Helianthus argophyllus</Item>\n\t<Item Name=\"CommonName\"
        Type=\"String\"></Item>\n\t<Item Name=\"TaxId\" Type=\"Integer\">73275</Item>\n\t<Item
        Name=\"AkaTaxId\" Type=\"Integer\">0</Item>\n\t<Item Name=\"Genus\" Type=\"String\">Helianthus</Item>\n\t<Item
        Name=\"Species\" Type=\"String\">argophyllus</Item>\n\t<Item Name=\"Subsp\"
        Type=\"String\"></Item>\n\t<Item Name=\"ModificationDate\" Type=\"Date\">2016/08/18
        00:00</Item>\n</DocSum>\n\n<DocSum>\n\t<Id>73274</Id>\n\t<Item Name=\"Status\"
        Type=\"String\">active</Item>\n\t<Item Name=\"Rank\" Type=\"String\">species</Item>\n\t<Item
        Name=\"Division\" Type=\"String\">eudicots</Item>\n\t<Item Name=\"ScientificName\"
        Type=\"String\">Helianthus anomalus</Item>\n\t<Item Name=\"CommonName\" Type=\"String\"></Item>\n\t<Item
        Name=\"TaxId\" Type=\"Integer\">73274</Item>\n\t<Item Name=\"AkaTaxId\" Type=\"Integer\">0</Item>\n\t<Item
        Name=\"Genus\" Type=\"String\">Helianthus</Item>\n\t<Item Name=\"Species\"
        Type=\"String\">anomalus</Item>\n\t<Item Name=\"Subsp\" Type=\"String\"></Item>\n\t<Item
        Name=\"ModificationDate\" Type=\"Date\">2016/08/18 00:00</Item>\n</DocSum>\n\n<DocSum>\n\t<Id>73273</Id>\n\t<Item
        Name=\"Status\" Type=\"String\">active</Item>\n\t<Item Name=\"Rank\" Type=\"String\">species</Item>\n\t<Item
        Name=\"Division\" Type=\"String\">eudicots</Item>\n\t<Item Name=\"ScientificName\"
        Type=\"String\">Helianthus angustifolius</Item>\n\t<Item Name=\"CommonName\"
        Type=\"String\"></Item>\n\t<Item Name=\"TaxId\" Type=\"Integer\">73273</Item>\n\t<Item
        Name=\"AkaTaxId\" Type=\"Integer\">0</Item>\n\t<Item Name=\"Genus\" Type=\"String\">Helianthus</Item>\n\t<Item
        Name=\"Species\" Type=\"String\">angustifolius</Item>\n\t<Item Name=\"Subsp\"
        Type=\"String\"></Item>\n\t<Item Name=\"ModificationDate\" Type=\"Date\">2016/08/18
        00:00</Item>\n</DocSum>\n\n<DocSum>\n\t<Id>73272</Id>\n\t<Item Name=\"Status\"
        Type=\"String\">active</Item>\n\t<Item Name=\"Rank\" Type=\"String\">species</Item>\n\t<Item
        Name=\"Division\" Type=\"String\">eudicots</Item>\n\t<Item Name=\"ScientificName\"
        Type=\"String\">Helianthus agrestis</Item>\n\t<Item Name=\"CommonName\" Type=\"String\"></Item>\n\t<Item
        Name=\"TaxId\" Type=\"Integer\">73272</Item>\n\t<Item Name=\"AkaTaxId\" Type=\"Integer\">0</Item>\n\t<Item
        Name=\"Genus\" Type=\"String\">Helianthus</Item>\n\t<Item Name=\"Species\"
        Type=\"String\">agrestis</Item>\n\t<Item Name=\"Subsp\" Type=\"String\"></Item>\n\t<Item
        Name=\"ModificationDate\" Type=\"Date\">2016/08/18 00:00</Item>\n</DocSum>\n\n<DocSum>\n\t<Id>53583</Id>\n\t<Item
        Name=\"Status\" Type=\"String\">active</Item>\n\t<Item Name=\"Rank\" Type=\"String\">species</Item>\n\t<Item
        Name=\"Division\" Type=\"String\">eudicots</Item>\n\t<Item Name=\"ScientificName\"
        Type=\"String\">Helianthus simulans</Item>\n\t<Item Name=\"CommonName\" Type=\"String\"></Item>\n\t<Item
        Name=\"TaxId\" Type=\"Integer\">53583</Item>\n\t<Item Name=\"AkaTaxId\" Type=\"Integer\">0</Item>\n\t<Item
        Name=\"Genus\" Type=\"String\">Helianthus</Item>\n\t<Item Name=\"Species\"
        Type=\"String\">simulans</Item>\n\t<Item Name=\"Subsp\" Type=\"String\"></Item>\n\t<Item
        Name=\"ModificationDate\" Type=\"Date\">2016/08/18 00:00</Item>\n</DocSum>\n\n<DocSum>\n\t<Id>4234</Id>\n\t<Item
        Name=\"Status\" Type=\"String\">active</Item>\n\t<Item Name=\"Rank\" Type=\"String\">species</Item>\n\t<Item
        Name=\"Division\" Type=\"String\">eudicots</Item>\n\t<Item Name=\"ScientificName\"
        Type=\"String\">Helianthus petiolaris</Item>\n\t<Item Name=\"CommonName\"
        Type=\"String\"></Item>\n\t<Item Name=\"TaxId\" Type=\"Integer\">4234</Item>\n\t<Item
        Name=\"AkaTaxId\" Type=\"Integer\">0</Item>\n\t<Item Name=\"Genus\" Type=\"String\">Helianthus</Item>\n\t<Item
        Name=\"Species\" Type=\"String\">petiolaris</Item>\n\t<Item Name=\"Subsp\"
        Type=\"String\"></Item>\n\t<Item Name=\"ModificationDate\" Type=\"Date\">2016/08/18
        00:00</Item>\n</DocSum>\n\n<DocSum>\n\t<Id>4233</Id>\n\t<Item Name=\"Status\"
        Type=\"String\">active</Item>\n\t<Item Name=\"Rank\" Type=\"String\">species</Item>\n\t<Item
        Name=\"Division\" Type=\"String\">eudicots</Item>\n\t<Item Name=\"ScientificName\"
        Type=\"String\">Helianthus tuberosus</Item>\n\t<Item Name=\"CommonName\" Type=\"String\">Jerusalem
        artichoke</Item>\n\t<Item Name=\"TaxId\" Type=\"Integer\">4233</Item>\n\t<Item
        Name=\"AkaTaxId\" Type=\"Integer\">0</Item>\n\t<Item Name=\"Genus\" Type=\"String\">Helianthus</Item>\n\t<Item
        Name=\"Species\" Type=\"String\">tuberosus</Item>\n\t<Item Name=\"Subsp\"
        Type=\"String\"></Item>\n\t<Item Name=\"ModificationDate\" Type=\"Date\">2018/11/23
        00:00</Item>\n</DocSum>\n\n<DocSum>\n\t<Id>4232</Id>\n\t<Item Name=\"Status\"
        Type=\"String\">active</Item>\n\t<Item Name=\"Rank\" Type=\"String\">species</Item>\n\t<Item
        Name=\"Division\" Type=\"String\">eudicots</Item>\n\t<Item Name=\"ScientificName\"
        Type=\"String\">Helianthus annuus</Item>\n\t<Item Name=\"CommonName\" Type=\"String\">common
        sunflower</Item>\n\t<Item Name=\"TaxId\" Type=\"Integer\">4232</Item>\n\t<Item
        Name=\"AkaTaxId\" Type=\"Integer\">0</Item>\n\t<Item Name=\"Genus\" Type=\"String\">Helianthus</Item>\n\t<Item
        Name=\"Species\" Type=\"String\">annuus</Item>\n\t<Item Name=\"Subsp\" Type=\"String\"></Item>\n\t<Item
        Name=\"ModificationDate\" Type=\"Date\">2018/11/23 00:00</Item>\n</DocSum>\n\n</eSummaryResult>\n"
  recorded_at: 2020-03-06 01:27:12 GMT
  recorded_with: vcr/0.5.0, webmockr/0.6.0
